[
  {
    "seed": 0,
    "pre_step": 17493,
    "post_step": 17494,
    "total_directional_derivative": -0.0002164976441770717,
    "hidden_directional_derivative": -1.3419566679184475e-05,
    "embeddings_directional_derivative": -1.2330278096274384e-05,
    "readout_directional_derivative": -0.00019074779940161284,
    "loss_alpha_0.0": 3.702519907170576e-06,
    "loss_alpha_0.001": 3.4931718138331996e-06,
    "loss_alpha_0.01": 2.1086902212347825e-06,
    "loss_alpha_0.1": 3.0688954685067557e-07,
    "loss_alpha_1.0": 2.858246746696754,
    "endpoints_exact": true
  },
  {
    "seed": 1,
    "pre_step": 17720,
    "post_step": 17721,
    "total_directional_derivative": -0.002553889042631905,
    "hidden_directional_derivative": -0.00011851585572679833,
    "embeddings_directional_derivative": -0.0002940698811418677,
    "readout_directional_derivative": -0.002141303305763239,
    "loss_alpha_0.0": 2.7613484405865014e-05,
    "loss_alpha_0.001": 2.5179712277345108e-05,
    "loss_alpha_0.01": 1.1130525348224875e-05,
    "loss_alpha_0.1": 3.603242883058888e-07,
    "loss_alpha_1.0": 13.074465266564232,
    "endpoints_exact": true
  },
  {
    "seed": 2,
    "pre_step": 18068,
    "post_step": 18069,
    "total_directional_derivative": -9.358951249912712e-05,
    "hidden_directional_derivative": -3.039076386314167e-06,
    "embeddings_directional_derivative": -6.457797065228994e-07,
    "readout_directional_derivative": -8.990465640629005e-05,
    "loss_alpha_0.0": 1.611100785302591e-06,
    "loss_alpha_0.001": 1.5208610333513098e-06,
    "loss_alpha_0.01": 9.500215205906211e-07,
    "loss_alpha_0.1": 2.8437819409091996e-07,
    "loss_alpha_1.0": 17.980007315928944,
    "endpoints_exact": true
  },
  {
    "seed": 3,
    "pre_step": 16307,
    "post_step": 16308,
    "total_directional_derivative": -0.1884614483835998,
    "hidden_directional_derivative": -0.029270795032395186,
    "embeddings_directional_derivative": -0.10109348293487874,
    "readout_directional_derivative": -0.05809717041632588,
    "loss_alpha_0.0": 0.38024608556272177,
    "loss_alpha_0.001": 0.3800610261434679,
    "loss_alpha_0.01": 0.3786934188185406,
    "loss_alpha_0.1": 0.3835625441982948,
    "loss_alpha_1.0": 7.837681333880394,
    "endpoints_exact": true
  },
  {
    "seed": 4,
    "pre_step": 16055,
    "post_step": 16056,
    "total_directional_derivative": -1.8932197568170521,
    "hidden_directional_derivative": -0.05748248157771959,
    "embeddings_directional_derivative": -0.1856260667230782,
    "readout_directional_derivative": -1.6501112085162544,
    "loss_alpha_0.0": 0.14503193731141323,
    "loss_alpha_0.001": 0.14315883583808825,
    "loss_alpha_0.01": 0.12781391884943982,
    "loss_alpha_0.1": 0.054149426482483935,
    "loss_alpha_1.0": 11.152028644952463,
    "endpoints_exact": true
  }
]
