{"job": "seed1_accurate6000", "status": "running", "started_utc": "2026-09-22T20:01:06.112814+00:00"}
{"job": "seed0_accurate6000", "status": "running", "started_utc": "2026-09-22T20:01:06.112860+00:00"}
{"job": "seed2_accurate6000", "status": "running", "started_utc": "2026-09-22T20:01:06.112945+00:00"}
{"job": "seed3_accurate6000", "status": "running", "started_utc": "2026-09-22T20:01:06.112999+00:00"}
{"job": "seed4_accurate6000", "status": "running", "started_utc": "2026-09-22T20:01:06.113046+00:00"}
{"job": "seed0_target_repair15000", "status": "running", "started_utc": "2026-09-22T20:01:06.113089+00:00"}
{"job": "seed0_target_repair15000", "status": "completed", "exit_code": 0, "ended_utc": "2026-09-22T20:14:24.386936+00:00"}
{"job": "seed0_stable3215000", "status": "running", "started_utc": "2026-09-22T20:14:24.389375+00:00"}
{"job": "seed0_stable3215000", "status": "completed", "exit_code": 0, "ended_utc": "2026-09-22T20:29:18.163966+00:00"}
{"job": "seed1_target_repair15000", "status": "running", "started_utc": "2026-09-22T20:29:18.166289+00:00"}
{"job": "seed1_target_repair15000", "status": "completed", "exit_code": 0, "ended_utc": "2026-09-22T20:41:14.285499+00:00"}
{"job": "seed1_stable3215000", "status": "running", "started_utc": "2026-09-22T20:41:14.287552+00:00"}
{"job": "seed1_stable3215000", "status": "completed", "exit_code": 0, "ended_utc": "2026-09-22T20:52:03.639045+00:00"}
{"job": "seed2_target_repair15000", "status": "running", "started_utc": "2026-09-22T20:52:03.640789+00:00"}
{"job": "seed0_accurate6000", "status": "completed", "exit_code": 0, "ended_utc": "2026-09-22T21:00:39.246053+00:00"}
{"job": "seed2_stable3215000", "status": "running", "started_utc": "2026-09-22T21:00:39.248010+00:00"}
{"job": "seed2_accurate6000", "status": "completed", "exit_code": 0, "ended_utc": "2026-09-22T21:00:41.413825+00:00"}
{"job": "seed3_target_repair15000", "status": "running", "started_utc": "2026-09-22T21:00:41.414787+00:00"}
{"job": "seed3_accurate6000", "status": "completed", "exit_code": 0, "ended_utc": "2026-09-22T21:00:42.344767+00:00"}
{"job": "seed3_stable3215000", "status": "running", "started_utc": "2026-09-22T21:00:42.345617+00:00"}
{"job": "seed1_accurate6000", "status": "completed", "exit_code": 0, "ended_utc": "2026-09-22T21:00:49.868914+00:00"}
{"job": "seed4_target_repair15000", "status": "running", "started_utc": "2026-09-22T21:00:49.870240+00:00"}
{"job": "seed4_accurate6000", "status": "completed", "exit_code": 0, "ended_utc": "2026-09-22T21:00:53.332860+00:00"}
{"job": "seed4_stable3215000", "status": "running", "started_utc": "2026-09-22T21:00:53.333676+00:00"}
{"job": "seed2_target_repair15000", "status": "completed", "exit_code": 0, "ended_utc": "2026-09-22T21:02:14.845422+00:00"}
{"job": "seed0_stock_extension", "status": "running", "started_utc": "2026-09-22T21:02:14.847050+00:00"}
{"job": "seed2_stable3215000", "status": "completed", "exit_code": 0, "ended_utc": "2026-09-22T21:09:49.282330+00:00"}
{"job": "seed1_stock_extension", "status": "running", "started_utc": "2026-09-22T21:09:49.284103+00:00"}
{"job": "seed3_target_repair15000", "status": "completed", "exit_code": 0, "ended_utc": "2026-09-22T21:09:50.346204+00:00"}
{"job": "seed2_stock_extension", "status": "running", "started_utc": "2026-09-22T21:09:50.346869+00:00"}
{"job": "seed3_stable3215000", "status": "completed", "exit_code": 0, "ended_utc": "2026-09-22T21:09:52.299537+00:00"}
{"job": "seed3_stock_extension", "status": "running", "started_utc": "2026-09-22T21:09:52.300256+00:00"}
{"job": "seed4_target_repair15000", "status": "completed", "exit_code": 0, "ended_utc": "2026-09-22T21:09:55.867956+00:00"}
{"job": "seed4_stable3215000", "status": "completed", "exit_code": 0, "ended_utc": "2026-09-22T21:10:04.431246+00:00"}
{"job": "seed0_stock_extension", "status": "completed", "exit_code": 0, "ended_utc": "2026-09-22T21:20:55.804235+00:00"}
{"job": "seed2_stock_extension", "status": "completed", "exit_code": 0, "ended_utc": "2026-09-22T21:25:55.524103+00:00"}
{"job": "seed1_stock_extension", "status": "completed", "exit_code": 0, "ended_utc": "2026-09-22T21:26:11.597834+00:00"}
{"job": "seed3_stock_extension", "status": "completed", "exit_code": 0, "ended_utc": "2026-09-22T21:27:20.540600+00:00"}
All fixed main-suite jobs completed.
