{"step": 6000, "local_step": 0, "train_loss": 1.3078933989163488e-05, "train_accuracy": 1.0, "test_accuracy": 0.988589327665287, "test_loss64": 0.07640415951271283, "joint_failure": false, "elapsed_seconds": 0.13698591594584286}
{"step": 7000, "local_step": 1000, "train_loss": 1.468658410885837e-05, "train_accuracy": 1.0, "test_accuracy": 0.994630271842488, "test_loss64": 0.04808173325959143, "joint_failure": false, "elapsed_seconds": 76.72312191594392}
{"step": 8000, "local_step": 2000, "train_loss": 1.4141094652586617e-05, "train_accuracy": 1.0, "test_accuracy": 0.9977626132677033, "test_loss64": 0.035371389632597255, "joint_failure": false, "elapsed_seconds": 158.24630304099992}
{"step": 9000, "local_step": 3000, "train_loss": 1.2209186934342142e-05, "train_accuracy": 1.0, "test_accuracy": 0.997986351940933, "test_loss64": 0.024470064983611255, "joint_failure": false, "elapsed_seconds": 240.71259433287196}
{"step": 10000, "local_step": 4000, "train_loss": 9.400301678397227e-06, "train_accuracy": 1.0, "test_accuracy": 0.9991050453070813, "test_loss64": 0.013574753876339286, "joint_failure": false, "elapsed_seconds": 330.06421645800583}
{"step": 11000, "local_step": 5000, "train_loss": 6.747747193003306e-06, "train_accuracy": 1.0, "test_accuracy": 0.9997762613267703, "test_loss64": 0.006770803720371629, "joint_failure": false, "elapsed_seconds": 422.612779624993}
{"step": 12000, "local_step": 6000, "train_loss": 3.981704139732756e-06, "train_accuracy": 1.0, "test_accuracy": 0.9997762613267703, "test_loss64": 0.0029830389555685543, "joint_failure": false, "elapsed_seconds": 508.1827309159562}
{"step": 13000, "local_step": 7000, "train_loss": 2.5023318812600337e-06, "train_accuracy": 1.0, "test_accuracy": 1.0, "test_loss64": 0.0014577361175175114, "joint_failure": false, "elapsed_seconds": 596.2680483749136}
{"step": 14000, "local_step": 8000, "train_loss": 1.6060862435551826e-06, "train_accuracy": 1.0, "test_accuracy": 1.0, "test_loss64": 0.0007702104640795082, "joint_failure": false, "elapsed_seconds": 678.8221746659838}
{"step": 15000, "local_step": 9000, "train_loss": 1.0411038147140061e-06, "train_accuracy": 1.0, "test_accuracy": 1.0, "test_loss64": 0.00042034538936914476, "joint_failure": false, "elapsed_seconds": 765.4326694158372}
{"step": 16000, "local_step": 10000, "train_loss": 6.333963824545208e-07, "train_accuracy": 1.0, "test_accuracy": 1.0, "test_loss64": 0.0002047838118013267, "joint_failure": false, "elapsed_seconds": 852.4641754580662}
{"step": 17000, "local_step": 11000, "train_loss": 3.386414277883887e-07, "train_accuracy": 1.0, "test_accuracy": 1.0, "test_loss64": 9.662685393191858e-05, "joint_failure": false, "elapsed_seconds": 938.8311511659995}
{"step": 18000, "local_step": 12000, "train_loss": 1.784404162208375e-07, "train_accuracy": 1.0, "test_accuracy": 1.0, "test_loss64": 5.466992359608615e-05, "joint_failure": false, "elapsed_seconds": 1029.2657269579358}
{"step": 19000, "local_step": 13000, "train_loss": 1.496807868761607e-07, "train_accuracy": 1.0, "test_accuracy": 1.0, "test_loss64": 0.0006275278505477463, "joint_failure": false, "elapsed_seconds": 1115.002638499951}
{"step": 19439, "local_step": 13439, "train_loss": 33.35640335083008, "train_accuracy": 0.019843342036553524, "test_accuracy": 0.017563485848528917, "test_loss64": 37.395678721980524, "joint_failure": true, "elapsed_seconds": 1154.4714395408519}
{"step": 20000, "local_step": 14000, "train_loss": 5.639560640702257e-07, "train_accuracy": 1.0, "test_accuracy": 0.9965320505649401, "test_loss64": 0.023763239040901652, "joint_failure": false, "elapsed_seconds": 1204.067005916033}
{"step": 21000, "local_step": 15000, "train_loss": 0.000746052130125463, "train_accuracy": 1.0, "test_accuracy": 1.0, "test_loss64": 0.007680217644341515, "joint_failure": false, "elapsed_seconds": 1292.5842936660629}
{"step": 22000, "local_step": 16000, "train_loss": 0.00045865876018069685, "train_accuracy": 1.0, "test_accuracy": 1.0, "test_loss64": 0.004650041841526772, "joint_failure": false, "elapsed_seconds": 1374.7367314998992}
{"step": 23000, "local_step": 17000, "train_loss": 0.000252071360591799, "train_accuracy": 1.0, "test_accuracy": 1.0, "test_loss64": 0.0033443562659473663, "joint_failure": false, "elapsed_seconds": 1457.0928519580048}
{"step": 24000, "local_step": 18000, "train_loss": 0.0001457652688259259, "train_accuracy": 1.0, "test_accuracy": 1.0, "test_loss64": 0.002621352106749154, "joint_failure": false, "elapsed_seconds": 1532.616846458055}
{"step": 25000, "local_step": 19000, "train_loss": 8.44864480313845e-05, "train_accuracy": 1.0, "test_accuracy": 1.0, "test_loss64": 0.0020647613209951753, "joint_failure": false, "elapsed_seconds": 1608.7731474579778}
{"step": 26000, "local_step": 20000, "train_loss": 4.8623198381392285e-05, "train_accuracy": 1.0, "test_accuracy": 1.0, "test_loss64": 0.001594634304102682, "joint_failure": false, "elapsed_seconds": 1682.322611207841}
{"step": 27000, "local_step": 21000, "train_loss": 2.829787445080001e-05, "train_accuracy": 1.0, "test_accuracy": 1.0, "test_loss64": 0.0012211272687261878, "joint_failure": false, "elapsed_seconds": 1757.8258003748488}
{"step": 28000, "local_step": 22000, "train_loss": 1.672482721915003e-05, "train_accuracy": 1.0, "test_accuracy": 1.0, "test_loss64": 0.0009382959958087735, "joint_failure": false, "elapsed_seconds": 1833.4121172078885}
{"step": 29000, "local_step": 23000, "train_loss": 9.99068288365379e-06, "train_accuracy": 1.0, "test_accuracy": 1.0, "test_loss64": 0.0007208654875229534, "joint_failure": false, "elapsed_seconds": 1910.340766832931}
{"step": 30000, "local_step": 24000, "train_loss": 5.960310318187112e-06, "train_accuracy": 1.0, "test_accuracy": 1.0, "test_loss64": 0.0005496557586193267, "joint_failure": false, "elapsed_seconds": 1985.6816127500497}
{"step": 31000, "local_step": 25000, "train_loss": 3.3782193895603996e-06, "train_accuracy": 1.0, "test_accuracy": 1.0, "test_loss64": 0.0004195627786605287, "joint_failure": false, "elapsed_seconds": 2064.816392790992}
{"step": 32000, "local_step": 26000, "train_loss": 1.9744823021028424e-06, "train_accuracy": 1.0, "test_accuracy": 1.0, "test_loss64": 0.00031950713271168676, "joint_failure": false, "elapsed_seconds": 2145.929473915836}
{"step": 33000, "local_step": 27000, "train_loss": 1.1889169400092214e-06, "train_accuracy": 1.0, "test_accuracy": 1.0, "test_loss64": 0.00024148470541018473, "joint_failure": false, "elapsed_seconds": 2224.9469518749975}
{"step": 34000, "local_step": 28000, "train_loss": 7.262115673256631e-07, "train_accuracy": 1.0, "test_accuracy": 1.0, "test_loss64": 0.00016770926455792078, "joint_failure": false, "elapsed_seconds": 2299.493422874948}
{"step": 35000, "local_step": 29000, "train_loss": 4.07272437996653e-07, "train_accuracy": 1.0, "test_accuracy": 1.0, "test_loss64": 0.00010771608717804333, "joint_failure": false, "elapsed_seconds": 2377.3690496250056}
{"step": 36000, "local_step": 30000, "train_loss": 2.2326061355215643e-07, "train_accuracy": 1.0, "test_accuracy": 1.0, "test_loss64": 6.983759137456851e-05, "joint_failure": false, "elapsed_seconds": 2457.5396599159576}
{"step": 37000, "local_step": 31000, "train_loss": 1.4622590072121966e-07, "train_accuracy": 1.0, "test_accuracy": 1.0, "test_loss64": 0.0001328151427582443, "joint_failure": false, "elapsed_seconds": 2534.1389157909434}
{"step": 38000, "local_step": 32000, "train_loss": 7.158782011629228e-09, "train_accuracy": 1.0, "test_accuracy": 0.9674460230450833, "test_loss64": 0.2569377051277616, "joint_failure": false, "elapsed_seconds": 2614.3158524578903}
{"step": 39000, "local_step": 33000, "train_loss": 0.00012457453703973442, "train_accuracy": 1.0, "test_accuracy": 0.9998881306633851, "test_loss64": 0.0039849414143860165, "joint_failure": false, "elapsed_seconds": 2745.322979083052}
{"step": 40000, "local_step": 34000, "train_loss": 0.001603372278623283, "train_accuracy": 1.0, "test_accuracy": 1.0, "test_loss64": 0.011399359932338014, "joint_failure": false, "elapsed_seconds": 2888.863306915853}
{"step": 41000, "local_step": 35000, "train_loss": 0.0008720120531506836, "train_accuracy": 1.0, "test_accuracy": 1.0, "test_loss64": 0.008486708057771448, "joint_failure": false, "elapsed_seconds": 3041.6242187910248}
{"step": 42000, "local_step": 36000, "train_loss": 0.0004918085760436952, "train_accuracy": 1.0, "test_accuracy": 1.0, "test_loss64": 0.0073269310699971765, "joint_failure": false, "elapsed_seconds": 3202.1663134999108}
{"step": 43000, "local_step": 37000, "train_loss": 0.0002847689320333302, "train_accuracy": 1.0, "test_accuracy": 1.0, "test_loss64": 0.0066384655203111965, "joint_failure": false, "elapsed_seconds": 3277.8074335828424}
{"step": 44000, "local_step": 38000, "train_loss": 0.00017045541608240455, "train_accuracy": 1.0, "test_accuracy": 1.0, "test_loss64": 0.006222153981705712, "joint_failure": false, "elapsed_seconds": 3359.9324992909096}
{"step": 45000, "local_step": 39000, "train_loss": 0.00010051352728623897, "train_accuracy": 1.0, "test_accuracy": 1.0, "test_loss64": 0.005583601778789376, "joint_failure": false, "elapsed_seconds": 3450.6500072500203}
{"step": 46000, "local_step": 40000, "train_loss": 5.833086834172718e-05, "train_accuracy": 1.0, "test_accuracy": 1.0, "test_loss64": 0.004806862466696168, "joint_failure": false, "elapsed_seconds": 3538.701794040855}
{"step": 47000, "local_step": 41000, "train_loss": 3.278559961472638e-05, "train_accuracy": 1.0, "test_accuracy": 1.0, "test_loss64": 0.004082719490801897, "joint_failure": false, "elapsed_seconds": 3620.8947737498675}
{"step": 48000, "local_step": 42000, "train_loss": 1.9188097212463617e-05, "train_accuracy": 1.0, "test_accuracy": 1.0, "test_loss64": 0.0034512067761959813, "joint_failure": false, "elapsed_seconds": 3700.143700374989}
{"step": 49000, "local_step": 43000, "train_loss": 1.1467741387605201e-05, "train_accuracy": 1.0, "test_accuracy": 1.0, "test_loss64": 0.0028993089342737913, "joint_failure": false, "elapsed_seconds": 3774.4089329158887}
{"step": 50000, "local_step": 44000, "train_loss": 6.954844138817862e-06, "train_accuracy": 1.0, "test_accuracy": 1.0, "test_loss64": 0.002458918154105003, "joint_failure": false, "elapsed_seconds": 3850.166901707882}
{"step": 51000, "local_step": 45000, "train_loss": 4.275553692423273e-06, "train_accuracy": 1.0, "test_accuracy": 1.0, "test_loss64": 0.0020756710595219614, "joint_failure": false, "elapsed_seconds": 3937.2228601658717}
{"step": 52000, "local_step": 46000, "train_loss": 2.58692966781382e-06, "train_accuracy": 1.0, "test_accuracy": 1.0, "test_loss64": 0.0016585814737863388, "joint_failure": false, "elapsed_seconds": 4011.865358290961}
{"step": 53000, "local_step": 47000, "train_loss": 1.5172554412856698e-06, "train_accuracy": 1.0, "test_accuracy": 1.0, "test_loss64": 0.0012060886977416517, "joint_failure": false, "elapsed_seconds": 4103.141646165866}
{"step": 54000, "local_step": 48000, "train_loss": 8.587731485931727e-07, "train_accuracy": 1.0, "test_accuracy": 1.0, "test_loss64": 0.0007920082979941868, "joint_failure": false, "elapsed_seconds": 4183.880189207848}
{"step": 55000, "local_step": 49000, "train_loss": 4.782066298503196e-07, "train_accuracy": 1.0, "test_accuracy": 1.0, "test_loss64": 0.00047925740566863537, "joint_failure": false, "elapsed_seconds": 4264.637542124838}
{"step": 56000, "local_step": 50000, "train_loss": 2.6655567353373044e-07, "train_accuracy": 1.0, "test_accuracy": 1.0, "test_loss64": 0.00027529742361608094, "joint_failure": false, "elapsed_seconds": 4345.042196790921}
{"step": 57000, "local_step": 51000, "train_loss": 1.5298004996111558e-07, "train_accuracy": 1.0, "test_accuracy": 1.0, "test_loss64": 0.0001990175462092955, "joint_failure": false, "elapsed_seconds": 4429.819648124976}
{"step": 58000, "local_step": 52000, "train_loss": 51.95289993286133, "train_accuracy": 0.24281984334203655, "test_accuracy": 0.1760823358317485, "test_loss64": 59.66285169144898, "joint_failure": true, "elapsed_seconds": 4516.315426999936}
{"step": 59000, "local_step": 53000, "train_loss": 4.618580987880705e-06, "train_accuracy": 1.0, "test_accuracy": 1.0, "test_loss64": 0.00118080609697546, "joint_failure": false, "elapsed_seconds": 4606.048746166052}
{"step": 60000, "local_step": 54000, "train_loss": 0.002713295631110668, "train_accuracy": 1.0, "test_accuracy": 1.0, "test_loss64": 0.01825503362740716, "joint_failure": false, "elapsed_seconds": 4698.492108457955}
{"step": 61000, "local_step": 55000, "train_loss": 0.001480739563703537, "train_accuracy": 1.0, "test_accuracy": 1.0, "test_loss64": 0.014316045630797962, "joint_failure": false, "elapsed_seconds": 4784.730675250059}
{"step": 62000, "local_step": 56000, "train_loss": 0.0007723462767899036, "train_accuracy": 1.0, "test_accuracy": 1.0, "test_loss64": 0.01498329538907358, "joint_failure": false, "elapsed_seconds": 4868.831741458038}
{"step": 63000, "local_step": 57000, "train_loss": 0.00045890771434642375, "train_accuracy": 1.0, "test_accuracy": 1.0, "test_loss64": 0.019291286790802834, "joint_failure": false, "elapsed_seconds": 4954.601461707847}
{"step": 64000, "local_step": 58000, "train_loss": 0.00027663129731081426, "train_accuracy": 1.0, "test_accuracy": 1.0, "test_loss64": 0.024315525117716643, "joint_failure": false, "elapsed_seconds": 5035.098421958042}
{"step": 65000, "local_step": 59000, "train_loss": 0.0001647801254875958, "train_accuracy": 1.0, "test_accuracy": 0.999328783980311, "test_loss64": 0.031016370137956453, "joint_failure": false, "elapsed_seconds": 5120.579766500043}
{"step": 66000, "local_step": 60000, "train_loss": 9.858359408099204e-05, "train_accuracy": 1.0, "test_accuracy": 0.9984338292873923, "test_loss64": 0.037689016839368615, "joint_failure": false, "elapsed_seconds": 5198.360387415858}
{"step": 67000, "local_step": 61000, "train_loss": 5.9349287766963243e-05, "train_accuracy": 1.0, "test_accuracy": 0.9976507439310884, "test_loss64": 0.04258962271625427, "joint_failure": false, "elapsed_seconds": 5279.268456165912}
{"step": 68000, "local_step": 62000, "train_loss": 3.5614917578641325e-05, "train_accuracy": 1.0, "test_accuracy": 0.9970913972480143, "test_loss64": 0.04631992510581786, "joint_failure": false, "elapsed_seconds": 5360.218265707837}
{"step": 69000, "local_step": 63000, "train_loss": 2.1410569388535805e-05, "train_accuracy": 1.0, "test_accuracy": 0.9955252265354066, "test_loss64": 0.04909931673350275, "joint_failure": false, "elapsed_seconds": 5441.5791207910515}
{"step": 70000, "local_step": 64000, "train_loss": 1.2919127584609669e-05, "train_accuracy": 1.0, "test_accuracy": 0.9935115784763396, "test_loss64": 0.050830535510014006, "joint_failure": false, "elapsed_seconds": 5525.127962665865}
{"step": 71000, "local_step": 65000, "train_loss": 7.774480764055625e-06, "train_accuracy": 1.0, "test_accuracy": 0.991274191744043, "test_loss64": 0.05286874606888947, "joint_failure": false, "elapsed_seconds": 5609.727766708005}
{"step": 72000, "local_step": 66000, "train_loss": 4.714351689472096e-06, "train_accuracy": 1.0, "test_accuracy": 0.9914979304172726, "test_loss64": 0.052995304940069585, "joint_failure": false, "elapsed_seconds": 5693.120118750026}
{"step": 73000, "local_step": 67000, "train_loss": 2.7914202291867696e-06, "train_accuracy": 1.0, "test_accuracy": 0.9917216690905023, "test_loss64": 0.04928102991584217, "joint_failure": false, "elapsed_seconds": 5773.6878810408525}
{"step": 74000, "local_step": 68000, "train_loss": 1.5997057971617323e-06, "train_accuracy": 1.0, "test_accuracy": 0.9927284931200357, "test_loss64": 0.040608895016089316, "joint_failure": false, "elapsed_seconds": 5860.1515120409895}
{"step": 75000, "local_step": 69000, "train_loss": 9.043090472005133e-07, "train_accuracy": 1.0, "test_accuracy": 0.9945184025058731, "test_loss64": 0.029588719718290316, "joint_failure": false, "elapsed_seconds": 5947.487540208036}
{"step": 76000, "local_step": 70000, "train_loss": 5.171440875528788e-07, "train_accuracy": 1.0, "test_accuracy": 0.9978744826043181, "test_loss64": 0.021832884624032014, "joint_failure": false, "elapsed_seconds": 6030.106523541035}
{"step": 77000, "local_step": 71000, "train_loss": 2.666490388492093e-07, "train_accuracy": 1.0, "test_accuracy": 0.9991050453070813, "test_loss64": 0.014414344290598567, "joint_failure": false, "elapsed_seconds": 6115.942190333037}
{"step": 78000, "local_step": 72000, "train_loss": 1.8052580230687454e-07, "train_accuracy": 1.0, "test_accuracy": 0.9949658798523324, "test_loss64": 0.025732253244388086, "joint_failure": false, "elapsed_seconds": 6198.664349207887}
{"step": 79000, "local_step": 73000, "train_loss": 2.4433234102616552e-08, "train_accuracy": 1.0, "test_accuracy": 0.9512249692359325, "test_loss64": 0.30007587356128973, "joint_failure": false, "elapsed_seconds": 6279.272480000043}
{"step": 80000, "local_step": 74000, "train_loss": 0.001297934097237885, "train_accuracy": 1.0, "test_accuracy": 0.9985456986240071, "test_loss64": 0.03920068852284813, "joint_failure": false, "elapsed_seconds": 6361.004455124959}
{"step": 81000, "local_step": 75000, "train_loss": 0.00202882825396955, "train_accuracy": 1.0, "test_accuracy": 1.0, "test_loss64": 0.020131986856683645, "joint_failure": false, "elapsed_seconds": 6434.603317499859}
{"step": 82000, "local_step": 76000, "train_loss": 0.0011331676505506039, "train_accuracy": 1.0, "test_accuracy": 1.0, "test_loss64": 0.014059751037921573, "joint_failure": false, "elapsed_seconds": 6512.749278916046}
{"step": 83000, "local_step": 77000, "train_loss": 0.0006314035854302347, "train_accuracy": 1.0, "test_accuracy": 1.0, "test_loss64": 0.012039500951731046, "joint_failure": false, "elapsed_seconds": 6594.1020089578815}
{"step": 84000, "local_step": 78000, "train_loss": 0.00037144956877455115, "train_accuracy": 1.0, "test_accuracy": 1.0, "test_loss64": 0.011125497993763604, "joint_failure": false, "elapsed_seconds": 6674.81794666592}
{"step": 85000, "local_step": 79000, "train_loss": 0.00021943068713881075, "train_accuracy": 1.0, "test_accuracy": 1.0, "test_loss64": 0.010397523392691167, "joint_failure": false, "elapsed_seconds": 6761.3527759159915}
{"step": 86000, "local_step": 80000, "train_loss": 0.00012879721180070192, "train_accuracy": 1.0, "test_accuracy": 1.0, "test_loss64": 0.010032213646911183, "joint_failure": false, "elapsed_seconds": 6836.626184375025}
{"step": 87000, "local_step": 81000, "train_loss": 7.500111678382382e-05, "train_accuracy": 1.0, "test_accuracy": 1.0, "test_loss64": 0.009991978342084486, "joint_failure": false, "elapsed_seconds": 6920.387524707941}
{"step": 88000, "local_step": 82000, "train_loss": 4.2925257730530575e-05, "train_accuracy": 1.0, "test_accuracy": 1.0, "test_loss64": 0.010987455732858748, "joint_failure": false, "elapsed_seconds": 6998.229214499937}
{"step": 89000, "local_step": 83000, "train_loss": 2.5650602765381336e-05, "train_accuracy": 1.0, "test_accuracy": 1.0, "test_loss64": 0.012780960695930226, "joint_failure": false, "elapsed_seconds": 7075.690064833034}
{"step": 90000, "local_step": 84000, "train_loss": 1.5107250874279998e-05, "train_accuracy": 1.0, "test_accuracy": 0.9996643919901554, "test_loss64": 0.014175152047630203, "joint_failure": false, "elapsed_seconds": 7155.852748957928}
{"step": 91000, "local_step": 85000, "train_loss": 9.197464351018425e-06, "train_accuracy": 1.0, "test_accuracy": 0.9998881306633851, "test_loss64": 0.015025894372938206, "joint_failure": false, "elapsed_seconds": 7232.460188291036}
{"step": 92000, "local_step": 86000, "train_loss": 5.6835765462892596e-06, "train_accuracy": 1.0, "test_accuracy": 0.9995525226535407, "test_loss64": 0.015541644247470763, "joint_failure": false, "elapsed_seconds": 7317.93658400001}
{"step": 93000, "local_step": 87000, "train_loss": 3.4909223813883727e-06, "train_accuracy": 1.0, "test_accuracy": 0.9991050453070813, "test_loss64": 0.015343395800064441, "joint_failure": false, "elapsed_seconds": 7396.639025624841}
{"step": 94000, "local_step": 88000, "train_loss": 2.1362384359235875e-06, "train_accuracy": 1.0, "test_accuracy": 0.9989931759704664, "test_loss64": 0.014257785021067825, "joint_failure": false, "elapsed_seconds": 7475.9689530830365}
{"step": 95000, "local_step": 89000, "train_loss": 1.2473386732381186e-06, "train_accuracy": 1.0, "test_accuracy": 0.9991050453070813, "test_loss64": 0.011240871480239447, "joint_failure": false, "elapsed_seconds": 7556.909023375018}
{"step": 96000, "local_step": 90000, "train_loss": 7.115514790712041e-07, "train_accuracy": 1.0, "test_accuracy": 0.9995525226535407, "test_loss64": 0.008071403138076265, "joint_failure": false, "elapsed_seconds": 7635.624587083003}
{"step": 97000, "local_step": 91000, "train_loss": 3.9603625623385597e-07, "train_accuracy": 1.0, "test_accuracy": 0.9995525226535407, "test_loss64": 0.006224419959015959, "joint_failure": false, "elapsed_seconds": 7724.668000875041}
{"step": 98000, "local_step": 92000, "train_loss": 2.1252245119285362e-07, "train_accuracy": 1.0, "test_accuracy": 0.9992169146436961, "test_loss64": 0.005744651309074258, "joint_failure": false, "elapsed_seconds": 7802.975368874846}
{"step": 99000, "local_step": 93000, "train_loss": 1.5805345299213513e-07, "train_accuracy": 1.0, "test_accuracy": 0.9841145542006936, "test_loss64": 0.05368063167110459, "joint_failure": false, "elapsed_seconds": 7873.922891333001}
{"step": 100000, "local_step": 94000, "train_loss": 1.1360675955529587e-07, "train_accuracy": 1.0, "test_accuracy": 0.996643919901555, "test_loss64": 0.011226872438627748, "joint_failure": false, "elapsed_seconds": 7943.190753124887}
{"status": "completed", "seed": 2, "operation": "addition", "arm": "hidden_lr_0.003", "start_step": 6000, "end_step": 100000, "updates": 94000, "train_states": 94001, "test_evaluations": 1062, "first_joint_failure_step": 19439, "minimum_train_accuracy": 0.006788511749347258, "minimum_measured_test_accuracy": 0.00894954692918671, "train_below90_states": 123, "test_below90_evaluations": 128, "joint_below90_states": 123, "test_below95_evaluations": 135, "scheduled_test_below95_evaluations": 14, "off_grid_triggered_test_evaluations": 121, "diagnostic_records": 95, "minimum_test_state": {"step": 99257, "local_step": 93257, "train_loss": 99.7278823852539, "train_accuracy": 0.008616187989556136, "test_accuracy": 0.00894954692918671, "test_loss64": 103.99555734190186, "joint_failure": true, "elapsed_seconds": 7892.55376266595}, "final_state": {"step": 100000, "local_step": 94000, "train_loss": 1.1360675955529587e-07, "train_accuracy": 1.0, "test_accuracy": 0.996643919901555, "test_loss64": 0.011226872438627748, "joint_failure": false, "elapsed_seconds": 7943.190753124887}, "elapsed_seconds": 7943.256077665836, "source_checkpoint_sha256": "3a0e3eaa3b2055ea8fc6809f5f8c2fda395e7d556051a310638bbb934b6e4b6e", "final_checkpoint_sha256": "1c15f826f2715ad0708d40408fbdaa9d010b7a098010cecad50120e82111ed8d"}
