{
  "source": "work/experiments/seed4_healthy_temporal_16044_16050/features.npz",
  "elapsed_seconds": 3.0976267498917878,
  "backward_linear_heldout": {
    "frobenius_error": 872.6766804161019,
    "rmse": 0.8158379765497922,
    "relative_error": 0.0008203121505690129,
    "centered_relative_error": 0.011762902942186801,
    "error_over_centered_target_norm": 0.011763126460771642,
    "target_frobenius_norm": 1063834.8826245791,
    "prediction_frobenius_norm": 1063852.5376472771,
    "target_centered_frobenius_norm": 74187.47756613472,
    "training_mean_error_norm": 0.00856613427585315,
    "frobenius_cosine": 0.9999996636872728,
    "centered_frobenius_cosine": 0.9999308146832522
  },
  "oracle_fullrank": {
    "relative_tolerance": 2.8352875602877248e-12,
    "rank_x": 128,
    "rank_y": 128,
    "rank_difference": 0,
    "angle_min_degrees": 0.012283013294610255,
    "angle_median_degrees": 0.47240708669354675,
    "angle_max_degrees": 2.219808709709967,
    "angles_above_1_degree": 22,
    "angles_above_10_degrees": 0,
    "projector_frobenius_distance": 0.2144717577437113,
    "y_outside_x_column_space_relative": 0.0007728841365816807,
    "x_outside_y_column_space_relative": 0.0008006652444644724
  }
}
