{"step": 13000, "local_step": 0, "arm": "original32", "train_loss": 7.417116307806282e-07, "train_loss64": 8.160322065017049e-07, "train_accurate_loss64": 8.160322064911346e-07, "train_objective_loss": 7.417116307806282e-07, "train_accuracy": 1.0, "train_minimum_margin": 13.534676551818848, "test_loss": 0.0010329115903005004, "test_loss64": 0.0010329683931781255, "test_accurate_loss64": 0.0010329683931781285, "test_objective_loss": 0.0010329115903005004, "test_accuracy": 1.0, "test_minimum_margin": 1.382556438446045, "max_abs_logit": 21.1644229888916, "last_training_loss": null, "elapsed_seconds": 0.11079537495970726}
{"step": 13010, "local_step": 10, "arm": "original32", "train_loss": 7.389105007860053e-07, "train_loss64": 8.133675789254504e-07, "train_accurate_loss64": 8.133675789201198e-07, "train_objective_loss": 7.389105007860053e-07, "train_accuracy": 1.0, "train_minimum_margin": 13.53260326385498, "test_loss": 0.0010355879785493016, "test_loss64": 0.001035645743479984, "test_accurate_loss64": 0.0010356457434799818, "test_objective_loss": 0.0010355879785493016, "test_accuracy": 1.0, "test_minimum_margin": 1.3996531963348389, "max_abs_logit": 21.14670753479004, "last_training_loss": 7.394706926788785e-07, "elapsed_seconds": 0.7246756670065224}
{"step": 13020, "local_step": 20, "arm": "original32", "train_loss": 7.349576094384247e-07, "train_loss64": 8.098742802185516e-07, "train_accurate_loss64": 8.09874280210277e-07, "train_objective_loss": 7.349576094384247e-07, "train_accuracy": 1.0, "train_minimum_margin": 13.531128883361816, "test_loss": 0.0010367613285779953, "test_loss64": 0.0010368198641781902, "test_accurate_loss64": 0.0010368198641781876, "test_objective_loss": 0.0010367613285779953, "test_accuracy": 1.0, "test_minimum_margin": 1.4266815185546875, "max_abs_logit": 21.124088287353516, "last_training_loss": 7.367316925410705e-07, "elapsed_seconds": 1.5499831249471754}
{"step": 13030, "local_step": 30, "arm": "original32", "train_loss": 7.334013503168535e-07, "train_loss64": 8.058963922807711e-07, "train_accurate_loss64": 8.058963922728617e-07, "train_objective_loss": 7.334013503168535e-07, "train_accuracy": 1.0, "train_minimum_margin": 13.530441284179688, "test_loss": 0.0010369260562583804, "test_loss64": 0.0010369842213094527, "test_accurate_loss64": 0.0010369842213094503, "test_objective_loss": 0.0010369260562583804, "test_accuracy": 1.0, "test_minimum_margin": 1.4285491704940796, "max_abs_logit": 21.100522994995117, "last_training_loss": 7.311292051781493e-07, "elapsed_seconds": 2.2614382079336792}
{"step": 13040, "local_step": 40, "arm": "original32", "train_loss": 7.27861049654166e-07, "train_loss64": 8.019113641481483e-07, "train_accurate_loss64": 8.019113641461872e-07, "train_objective_loss": 7.27861049654166e-07, "train_accuracy": 1.0, "train_minimum_margin": 13.527496337890625, "test_loss": 0.0010365728521719575, "test_loss64": 0.0010366323909339306, "test_accurate_loss64": 0.001036632390933927, "test_objective_loss": 0.0010365728521719575, "test_accuracy": 1.0, "test_minimum_margin": 1.4281848669052124, "max_abs_logit": 21.08022689819336, "last_training_loss": 7.29884163774841e-07, "elapsed_seconds": 2.8771601668559015}
{"step": 13050, "local_step": 50, "arm": "original32", "train_loss": 7.261491532517539e-07, "train_loss64": 7.986162934597878e-07, "train_accurate_loss64": 7.986162934601716e-07, "train_objective_loss": 7.261491532517539e-07, "train_accuracy": 1.0, "train_minimum_margin": 13.536979675292969, "test_loss": 0.001036515343002975, "test_loss64": 0.0010365734801157773, "test_accurate_loss64": 0.001036573480115773, "test_objective_loss": 0.001036515343002975, "test_accuracy": 1.0, "test_minimum_margin": 1.4286370277404785, "max_abs_logit": 21.069393157958984, "last_training_loss": 7.281723242158478e-07, "elapsed_seconds": 3.4508102079853415}
{"step": 13060, "local_step": 60, "arm": "original32", "train_loss": 7.237213708322088e-07, "train_loss64": 7.956750047431423e-07, "train_accurate_loss64": 7.956750047425435e-07, "train_objective_loss": 7.237213708322088e-07, "train_accuracy": 1.0, "train_minimum_margin": 13.548846244812012, "test_loss": 0.0010370477102696896, "test_loss64": 0.001037105286611091, "test_accurate_loss64": 0.0010371052866110914, "test_objective_loss": 0.0010370477102696896, "test_accuracy": 1.0, "test_minimum_margin": 1.425500750541687, "max_abs_logit": 21.051971435546875, "last_training_loss": 7.217294069050695e-07, "elapsed_seconds": 4.11715175001882}
{"step": 13070, "local_step": 70, "arm": "original32", "train_loss": 7.221029250104039e-07, "train_loss64": 7.929226580880158e-07, "train_accurate_loss64": 7.929226580978673e-07, "train_objective_loss": 7.221029250104039e-07, "train_accuracy": 1.0, "train_minimum_margin": 13.558159828186035, "test_loss": 0.0010384211782366037, "test_loss64": 0.0010384779885784584, "test_accurate_loss64": 0.001038477988578461, "test_objective_loss": 0.0010384211782366037, "test_accuracy": 1.0, "test_minimum_margin": 1.419779896736145, "max_abs_logit": 21.032445907592773, "last_training_loss": 7.209512773442839e-07, "elapsed_seconds": 4.7963062080089}
{"step": 13080, "local_step": 80, "arm": "original32", "train_loss": 7.183679144873167e-07, "train_loss64": 7.900433014844036e-07, "train_accurate_loss64": 7.900433014905477e-07, "train_objective_loss": 7.183679144873167e-07, "train_accuracy": 1.0, "train_minimum_margin": 13.562570571899414, "test_loss": 0.0010402482002973557, "test_loss64": 0.0010403044582005744, "test_accurate_loss64": 0.0010403044582005753, "test_objective_loss": 0.0010402482002973557, "test_accuracy": 1.0, "test_minimum_margin": 1.4160525798797607, "max_abs_logit": 21.01321792602539, "last_training_loss": 7.187413757492322e-07, "elapsed_seconds": 5.375304457964376}
{"step": 13090, "local_step": 90, "arm": "original32", "train_loss": 7.141971423152427e-07, "train_loss64": 7.868928817264536e-07, "train_accurate_loss64": 7.868928817215346e-07, "train_objective_loss": 7.141971423152427e-07, "train_accuracy": 1.0, "train_minimum_margin": 13.560225486755371, "test_loss": 0.0010429369285702705, "test_loss64": 0.0010429934749268451, "test_accurate_loss64": 0.00104299347492684, "test_objective_loss": 0.0010429369285702705, "test_accuracy": 1.0, "test_minimum_margin": 1.4009594917297363, "max_abs_logit": 20.994260787963867, "last_training_loss": 7.156288575060898e-07, "elapsed_seconds": 5.916983082890511}
{"step": 13100, "local_step": 100, "arm": "original32", "train_loss": 7.100263701431686e-07, "train_loss64": 7.833671834078369e-07, "train_accurate_loss64": 7.833671834075981e-07, "train_objective_loss": 7.100263701431686e-07, "train_accuracy": 1.0, "train_minimum_margin": 13.561171531677246, "test_loss": 0.0010449665132910013, "test_loss64": 0.0010450233115906445, "test_accurate_loss64": 0.0010450233115906445, "test_objective_loss": 0.0010449665132910013, "test_accuracy": 1.0, "test_minimum_margin": 1.387888789176941, "max_abs_logit": 20.98085594177246, "last_training_loss": 7.09403821019805e-07, "elapsed_seconds": 6.513623124919832}
{"step": 13110, "local_step": 110, "arm": "original32", "train_loss": 7.066025773383444e-07, "train_loss64": 7.793054581480761e-07, "train_accurate_loss64": 7.793054581499836e-07, "train_objective_loss": 7.066025773383444e-07, "train_accuracy": 1.0, "train_minimum_margin": 13.556500434875488, "test_loss": 0.0010462977224960923, "test_loss64": 0.0010463532687712501, "test_accurate_loss64": 0.0010463532687712488, "test_objective_loss": 0.0010462977224960923, "test_accuracy": 1.0, "test_minimum_margin": 1.380252718925476, "max_abs_logit": 20.970909118652344, "last_training_loss": 7.048906809359323e-07, "elapsed_seconds": 7.159707542043179}
{"step": 13120, "local_step": 120, "arm": "original32", "train_loss": 7.007822091509297e-07, "train_loss64": 7.742630838496809e-07, "train_accurate_loss64": 7.742630838513228e-07, "train_objective_loss": 7.007822091509297e-07, "train_accuracy": 1.0, "train_minimum_margin": 13.552908897399902, "test_loss": 0.0010472482535988092, "test_loss64": 0.0010473044128908205, "test_accurate_loss64": 0.0010473044128908183, "test_objective_loss": 0.0010472482535988092, "test_accuracy": 1.0, "test_minimum_margin": 1.3742191791534424, "max_abs_logit": 20.969791412353516, "last_training_loss": 7.015603387117153e-07, "elapsed_seconds": 7.88358704186976}
{"step": 13130, "local_step": 130, "arm": "original32", "train_loss": 6.959266443118395e-07, "train_loss64": 7.689828235819353e-07, "train_accurate_loss64": 7.689828235787886e-07, "train_objective_loss": 6.959266443118395e-07, "train_accuracy": 1.0, "train_minimum_margin": 13.5529203414917, "test_loss": 0.0010476702591404319, "test_loss64": 0.0010477265788489299, "test_accurate_loss64": 0.001047726578848932, "test_objective_loss": 0.0010476702591404319, "test_accuracy": 1.0, "test_minimum_margin": 1.3699073791503906, "max_abs_logit": 20.972251892089844, "last_training_loss": 6.97140535521612e-07, "elapsed_seconds": 8.616894708015025}
{"step": 13140, "local_step": 140, "arm": "original32", "train_loss": 6.930942504368431e-07, "train_loss64": 7.641274129887921e-07, "train_accurate_loss64": 7.641274129879432e-07, "train_objective_loss": 6.930942504368431e-07, "train_accuracy": 1.0, "train_minimum_margin": 13.555756568908691, "test_loss": 0.001047740108333528, "test_loss64": 0.001047795158298115, "test_accurate_loss64": 0.0010477951582981186, "test_objective_loss": 0.001047740108333528, "test_accuracy": 1.0, "test_minimum_margin": 1.3718619346618652, "max_abs_logit": 20.97328758239746, "last_training_loss": 6.924406648067816e-07, "elapsed_seconds": 9.299179333029315}
{"step": 13150, "local_step": 150, "arm": "original32", "train_loss": 6.886745040901587e-07, "train_loss64": 7.598450637829724e-07, "train_accurate_loss64": 7.598450637835603e-07, "train_objective_loss": 6.886745040901587e-07, "train_accuracy": 1.0, "train_minimum_margin": 13.55734920501709, "test_loss": 0.0010481151985004544, "test_loss64": 0.0010481717166302266, "test_accurate_loss64": 0.0010481717166302249, "test_objective_loss": 0.0010481151985004544, "test_accuracy": 1.0, "test_minimum_margin": 1.3565744161605835, "max_abs_logit": 20.970788955688477, "last_training_loss": 6.882698926347075e-07, "elapsed_seconds": 9.99315237486735}
{"step": 13160, "local_step": 160, "arm": "original32", "train_loss": 6.85188467741682e-07, "train_loss64": 7.562256470434123e-07, "train_accurate_loss64": 7.562256470470882e-07, "train_objective_loss": 6.85188467741682e-07, "train_accuracy": 1.0, "train_minimum_margin": 13.557056427001953, "test_loss": 0.0010486212559044361, "test_loss64": 0.00104867684168887, "test_accurate_loss64": 0.0010486768416888691, "test_objective_loss": 0.0010486212559044361, "test_accuracy": 1.0, "test_minimum_margin": 1.330918788909912, "max_abs_logit": 20.96000099182129, "last_training_loss": 6.852507112853345e-07, "elapsed_seconds": 10.798722541891038}
{"step": 13170, "local_step": 170, "arm": "original32", "train_loss": 6.793991929043841e-07, "train_loss64": 7.523587613858309e-07, "train_accurate_loss64": 7.523587613854843e-07, "train_objective_loss": 6.793991929043841e-07, "train_accuracy": 1.0, "train_minimum_margin": 13.556178092956543, "test_loss": 0.0010484751546755433, "test_loss64": 0.0010485320431674226, "test_accurate_loss64": 0.0010485320431674171, "test_objective_loss": 0.0010484751546755433, "test_accuracy": 1.0, "test_minimum_margin": 1.3073052167892456, "max_abs_logit": 20.94816780090332, "last_training_loss": 6.803641099395463e-07, "elapsed_seconds": 11.553574041929096}
{"step": 13180, "local_step": 180, "arm": "original32", "train_loss": 6.750729539817257e-07, "train_loss64": 7.475185888317296e-07, "train_accurate_loss64": 7.47518588832491e-07, "train_objective_loss": 6.750729539817257e-07, "train_accuracy": 1.0, "train_minimum_margin": 13.555715560913086, "test_loss": 0.0010489136911928654, "test_loss64": 0.0010489699738036383, "test_accurate_loss64": 0.0010489699738036391, "test_objective_loss": 0.0010489136911928654, "test_accuracy": 1.0, "test_minimum_margin": 1.2796655893325806, "max_abs_logit": 20.940929412841797, "last_training_loss": 6.758198196621379e-07, "elapsed_seconds": 12.264021416893229}
{"step": 13190, "local_step": 190, "arm": "original32", "train_loss": 6.716801976835995e-07, "train_loss64": 7.422334050704066e-07, "train_accurate_loss64": 7.422334050710532e-07, "train_objective_loss": 6.716801976835995e-07, "train_accuracy": 1.0, "train_minimum_margin": 13.551682472229004, "test_loss": 0.0010497317416593432, "test_loss64": 0.001049787409926275, "test_accurate_loss64": 0.0010497874099262695, "test_objective_loss": 0.0010497317416593432, "test_accuracy": 1.0, "test_minimum_margin": 1.248659610748291, "max_abs_logit": 20.929861068725586, "last_training_loss": 6.708709179292782e-07, "elapsed_seconds": 12.969524207990617}
{"step": 13200, "local_step": 200, "arm": "original32", "train_loss": 6.661087468273763e-07, "train_loss64": 7.372322158094975e-07, "train_accurate_loss64": 7.372322158066118e-07, "train_objective_loss": 6.661087468273763e-07, "train_accuracy": 1.0, "train_minimum_margin": 13.548992156982422, "test_loss": 0.0010502334916964173, "test_loss64": 0.0010502889117520809, "test_accurate_loss64": 0.0010502889117520843, "test_objective_loss": 0.0010502334916964173, "test_accuracy": 1.0, "test_minimum_margin": 1.2151132822036743, "max_abs_logit": 20.906049728393555, "last_training_loss": 6.674160317743372e-07, "elapsed_seconds": 13.672152207931504}
{"step": 13210, "local_step": 210, "arm": "original32", "train_loss": 6.629341555708379e-07, "train_loss64": 7.33285175917816e-07, "train_accurate_loss64": 7.332851759198127e-07, "train_objective_loss": 6.629341555708379e-07, "train_accuracy": 1.0, "train_minimum_margin": 13.545439720153809, "test_loss": 0.001050496008247137, "test_loss64": 0.0010505532642125566, "test_accurate_loss64": 0.0010505532642125556, "test_objective_loss": 0.001050496008247137, "test_accuracy": 1.0, "test_minimum_margin": 1.1823601722717285, "max_abs_logit": 20.876998901367188, "last_training_loss": 6.634631404267566e-07, "elapsed_seconds": 14.505116292042658}
{"step": 13220, "local_step": 220, "arm": "original32", "train_loss": 6.597904871341598e-07, "train_loss64": 7.30023467481425e-07, "train_accurate_loss64": 7.300234674748324e-07, "train_objective_loss": 6.597904871341598e-07, "train_accuracy": 1.0, "train_minimum_margin": 13.544427871704102, "test_loss": 0.0010498876217752695, "test_loss64": 0.0010499445324813445, "test_accurate_loss64": 0.0010499445324813437, "test_objective_loss": 0.0010498876217752695, "test_accuracy": 1.0, "test_minimum_margin": 1.160976767539978, "max_abs_logit": 20.85540008544922, "last_training_loss": 6.605686166949454e-07, "elapsed_seconds": 15.211614332860336}
{"step": 13230, "local_step": 230, "arm": "original32", "train_loss": 6.565223316101765e-07, "train_loss64": 7.269328113541985e-07, "train_accurate_loss64": 7.269328113571972e-07, "train_objective_loss": 6.565223316101765e-07, "train_accuracy": 1.0, "train_minimum_margin": 13.545802116394043, "test_loss": 0.0010483695659786463, "test_loss64": 0.0010484278861085331, "test_accurate_loss64": 0.0010484278861085344, "test_objective_loss": 0.0010483695659786463, "test_accuracy": 1.0, "test_minimum_margin": 1.1464993953704834, "max_abs_logit": 20.843652725219727, "last_training_loss": 6.554640776812448e-07, "elapsed_seconds": 15.748531957855448}
{"step": 13240, "local_step": 240, "arm": "original32", "train_loss": 6.521337354570278e-07, "train_loss64": 7.232895081765072e-07, "train_accurate_loss64": 7.232895081805831e-07, "train_objective_loss": 6.521337354570278e-07, "train_accuracy": 1.0, "train_minimum_margin": 13.5480375289917, "test_loss": 0.0010455098235979676, "test_loss64": 0.0010455680607320066, "test_accurate_loss64": 0.0010455680607320086, "test_objective_loss": 0.0010455098235979676, "test_accuracy": 1.0, "test_minimum_margin": 1.1450482606887817, "max_abs_logit": 20.841766357421875, "last_training_loss": 6.521337354570278e-07, "elapsed_seconds": 16.46166537492536}
{"step": 13250, "local_step": 250, "arm": "original32", "train_loss": 6.487721861958562e-07, "train_loss64": 7.191740645668736e-07, "train_accurate_loss64": 7.191740645709999e-07, "train_objective_loss": 6.487721861958562e-07, "train_accuracy": 1.0, "train_minimum_margin": 13.547021865844727, "test_loss": 0.0010413755662739277, "test_loss64": 0.0010414346650672588, "test_accurate_loss64": 0.0010414346650672568, "test_objective_loss": 0.0010413755662739277, "test_accuracy": 1.0, "test_minimum_margin": 1.1573675870895386, "max_abs_logit": 20.8416805267334, "last_training_loss": 6.46188823338889e-07, "elapsed_seconds": 17.223840416874737}
{"step": 13260, "local_step": 260, "arm": "original32", "train_loss": 6.452239063037268e-07, "train_loss64": 7.153385615867881e-07, "train_accurate_loss64": 7.15338561589013e-07, "train_objective_loss": 6.452239063037268e-07, "train_accuracy": 1.0, "train_minimum_margin": 13.541485786437988, "test_loss": 0.0010364748304709792, "test_loss64": 0.0010365329632694318, "test_accurate_loss64": 0.0010365329632694288, "test_objective_loss": 0.0010364748304709792, "test_accuracy": 1.0, "test_minimum_margin": 1.1696043014526367, "max_abs_logit": 20.8419246673584, "last_training_loss": 6.441656523747952e-07, "elapsed_seconds": 17.974929957883433}
{"step": 13270, "local_step": 270, "arm": "original32", "train_loss": 6.431385486393992e-07, "train_loss64": 7.121180960499757e-07, "train_accurate_loss64": 7.121180960524711e-07, "train_objective_loss": 6.431385486393992e-07, "train_accuracy": 1.0, "train_minimum_margin": 13.53153133392334, "test_loss": 0.0010310527868568897, "test_loss64": 0.0010311106057893926, "test_accurate_loss64": 0.0010311106057893946, "test_objective_loss": 0.0010310527868568897, "test_accuracy": 1.0, "test_minimum_margin": 1.1925804615020752, "max_abs_logit": 20.84564208984375, "last_training_loss": 6.420802947104676e-07, "elapsed_seconds": 18.58450737502426}
{"step": 13280, "local_step": 280, "arm": "original32", "train_loss": 6.412399216060294e-07, "train_loss64": 7.094859759665245e-07, "train_accurate_loss64": 7.09485975969323e-07, "train_objective_loss": 6.412399216060294e-07, "train_accuracy": 1.0, "train_minimum_margin": 13.526856422424316, "test_loss": 0.001026142155751586, "test_loss64": 0.0010262019011312872, "test_accurate_loss64": 0.0010262019011312862, "test_objective_loss": 0.001026142155751586, "test_accuracy": 1.0, "test_minimum_margin": 1.222326397895813, "max_abs_logit": 20.848176956176758, "last_training_loss": 6.406174293260847e-07, "elapsed_seconds": 19.263662207871675}
{"step": 13290, "local_step": 290, "arm": "original32", "train_loss": 6.375981911332929e-07, "train_loss64": 7.06964660070182e-07, "train_accurate_loss64": 7.069646600733454e-07, "train_objective_loss": 6.375981911332929e-07, "train_accuracy": 1.0, "train_minimum_margin": 13.52480697631836, "test_loss": 0.0010219234973192215, "test_loss64": 0.0010219811946567815, "test_accurate_loss64": 0.001021981194656788, "test_objective_loss": 0.0010219234973192215, "test_accuracy": 1.0, "test_minimum_margin": 1.2427215576171875, "max_abs_logit": 20.843482971191406, "last_training_loss": 6.379405590450915e-07, "elapsed_seconds": 19.912574791815132}
{"step": 13300, "local_step": 300, "arm": "original32", "train_loss": 6.349525847326731e-07, "train_loss64": 7.039905284539436e-07, "train_accurate_loss64": 7.039905284513584e-07, "train_objective_loss": 6.349525847326731e-07, "train_accuracy": 1.0, "train_minimum_margin": 13.522056579589844, "test_loss": 0.0010183198610320687, "test_loss64": 0.0010183770676686558, "test_accurate_loss64": 0.0010183770676686595, "test_objective_loss": 0.0010183198610320687, "test_accuracy": 1.0, "test_minimum_margin": 1.2564878463745117, "max_abs_logit": 20.846309661865234, "last_training_loss": 6.324003152258229e-07, "elapsed_seconds": 20.49846262484789}
{"step": 13310, "local_step": 310, "arm": "original32", "train_loss": 6.299414394561609e-07, "train_loss64": 7.001204883137643e-07, "train_accurate_loss64": 7.001204883101273e-07, "train_objective_loss": 6.299414394561609e-07, "train_accuracy": 1.0, "train_minimum_margin": 13.520170211791992, "test_loss": 0.0010138306533917785, "test_loss64": 0.0010138871063057333, "test_accurate_loss64": 0.001013887106305731, "test_objective_loss": 0.0010138306533917785, "test_accuracy": 1.0, "test_minimum_margin": 1.268665075302124, "max_abs_logit": 20.848852157592773, "last_training_loss": 6.277315378611092e-07, "elapsed_seconds": 21.02006654185243}
{"step": 13320, "local_step": 320, "arm": "original32", "train_loss": 6.262998795136809e-07, "train_loss64": 6.963352590745794e-07, "train_accurate_loss64": 6.96335259082509e-07, "train_objective_loss": 6.262998795136809e-07, "train_accuracy": 1.0, "train_minimum_margin": 13.52542495727539, "test_loss": 0.0010093663586303592, "test_loss64": 0.0010094241601375268, "test_accurate_loss64": 0.0010094241601375311, "test_objective_loss": 0.0010093663586303592, "test_accuracy": 1.0, "test_minimum_margin": 1.2749234437942505, "max_abs_logit": 20.843307495117188, "last_training_loss": 6.255528433030122e-07, "elapsed_seconds": 21.532892916817218}
{"step": 13330, "local_step": 330, "arm": "original32", "train_loss": 6.242766517061682e-07, "train_loss64": 6.934028027974754e-07, "train_accurate_loss64": 6.934028027988379e-07, "train_objective_loss": 6.242766517061682e-07, "train_accuracy": 1.0, "train_minimum_margin": 13.52749252319336, "test_loss": 0.0010047235991805792, "test_loss64": 0.001004780645935435, "test_accurate_loss64": 0.00100478064593544, "test_objective_loss": 0.0010047235991805792, "test_accuracy": 1.0, "test_minimum_margin": 1.2923749685287476, "max_abs_logit": 20.839622497558594, "last_training_loss": 6.226892423910613e-07, "elapsed_seconds": 22.054157374892384}
{"step": 13340, "local_step": 340, "arm": "original32", "train_loss": 6.224403250598698e-07, "train_loss64": 6.910678047121992e-07, "train_accurate_loss64": 6.910678046999795e-07, "train_objective_loss": 6.224403250598698e-07, "train_accuracy": 1.0, "train_minimum_margin": 13.54076099395752, "test_loss": 0.0010010632686316967, "test_loss64": 0.001001120515401197, "test_accurate_loss64": 0.0010011205154011882, "test_objective_loss": 0.0010010632686316967, "test_accuracy": 1.0, "test_minimum_margin": 1.3209617137908936, "max_abs_logit": 20.837295532226562, "last_training_loss": 6.21288620550331e-07, "elapsed_seconds": 22.57915229187347}
{"step": 13350, "local_step": 350, "arm": "original32", "train_loss": 6.215065013748244e-07, "train_loss64": 6.888909645951617e-07, "train_accurate_loss64": 6.88890964598695e-07, "train_objective_loss": 6.215065013748244e-07, "train_accuracy": 1.0, "train_minimum_margin": 13.560307502746582, "test_loss": 0.0009987774537876248, "test_loss64": 0.0009988341308952255, "test_accurate_loss64": 0.0009988341308952253, "test_objective_loss": 0.0009987774537876248, "test_accuracy": 1.0, "test_minimum_margin": 1.3499618768692017, "max_abs_logit": 20.836402893066406, "last_training_loss": 6.196078743414546e-07, "elapsed_seconds": 23.099054291844368}
{"step": 13360, "local_step": 360, "arm": "original32", "train_loss": 6.200436359904415e-07, "train_loss64": 6.869711294846881e-07, "train_accurate_loss64": 6.869711294836928e-07, "train_objective_loss": 6.200436359904415e-07, "train_accuracy": 1.0, "train_minimum_margin": 13.568203926086426, "test_loss": 0.0009974156273528934, "test_loss64": 0.0009974717079857414, "test_accurate_loss64": 0.0009974717079857414, "test_objective_loss": 0.0009974156273528934, "test_accuracy": 1.0, "test_minimum_margin": 1.3737478256225586, "max_abs_logit": 20.83829689025879, "last_training_loss": 6.168377808535297e-07, "elapsed_seconds": 23.615343207959086}
{"step": 13370, "local_step": 370, "arm": "original32", "train_loss": 6.178959779390425e-07, "train_loss64": 6.853795899711236e-07, "train_accurate_loss64": 6.853795899778509e-07, "train_objective_loss": 6.178959779390425e-07, "train_accuracy": 1.0, "train_minimum_margin": 13.565021514892578, "test_loss": 0.0009972031693905592, "test_loss64": 0.0009972587552701728, "test_accurate_loss64": 0.000997258755270174, "test_objective_loss": 0.0009972031693905592, "test_accuracy": 1.0, "test_minimum_margin": 1.4028716087341309, "max_abs_logit": 20.84022331237793, "last_training_loss": 6.165576564853836e-07, "elapsed_seconds": 24.13776066689752}
{"step": 13380, "local_step": 380, "arm": "original32", "train_loss": 6.154683092063351e-07, "train_loss64": 6.839176480381486e-07, "train_accurate_loss64": 6.839176480360743e-07, "train_objective_loss": 6.154683092063351e-07, "train_accuracy": 1.0, "train_minimum_margin": 13.5603609085083, "test_loss": 0.0009978178422898054, "test_loss64": 0.0009978732720017488, "test_accurate_loss64": 0.0009978732720017478, "test_objective_loss": 0.0009978178422898054, "test_accuracy": 1.0, "test_minimum_margin": 1.4341635704040527, "max_abs_logit": 20.841554641723633, "last_training_loss": 6.152504283818416e-07, "elapsed_seconds": 24.65500754187815}
{"step": 13390, "local_step": 390, "arm": "original32", "train_loss": 6.15499402556452e-07, "train_loss64": 6.825436887121782e-07, "train_accurate_loss64": 6.825436887100831e-07, "train_objective_loss": 6.15499402556452e-07, "train_accuracy": 1.0, "train_minimum_margin": 13.558147430419922, "test_loss": 0.0009993993444368243, "test_loss64": 0.0009994547629859287, "test_accurate_loss64": 0.0009994547629859308, "test_objective_loss": 0.0009993993444368243, "test_accuracy": 1.0, "test_minimum_margin": 1.4680242538452148, "max_abs_logit": 20.84016227722168, "last_training_loss": 6.153437652756111e-07, "elapsed_seconds": 25.17106712493114}
{"step": 13400, "local_step": 400, "arm": "original32", "train_loss": 6.147212161522475e-07, "train_loss64": 6.811630953743295e-07, "train_accurate_loss64": 6.811630953817223e-07, "train_objective_loss": 6.147212161522475e-07, "train_accuracy": 1.0, "train_minimum_margin": 13.554275512695312, "test_loss": 0.0010013867868110538, "test_loss64": 0.001001441629134477, "test_accurate_loss64": 0.0010014416291344711, "test_objective_loss": 0.0010013867868110538, "test_accuracy": 1.0, "test_minimum_margin": 1.4890520572662354, "max_abs_logit": 20.83746910095215, "last_training_loss": 6.112663868407253e-07, "elapsed_seconds": 25.688613957958296}
{"step": 13410, "local_step": 410, "arm": "original32", "train_loss": 6.115465112088714e-07, "train_loss64": 6.796889563976528e-07, "train_accurate_loss64": 6.796889564023652e-07, "train_objective_loss": 6.115465112088714e-07, "train_accuracy": 1.0, "train_minimum_margin": 13.547057151794434, "test_loss": 0.0010033780708909035, "test_loss64": 0.0010034330386456541, "test_accurate_loss64": 0.0010034330386456567, "test_objective_loss": 0.0010033780708909035, "test_accuracy": 1.0, "test_minimum_margin": 1.5167288780212402, "max_abs_logit": 20.835311889648438, "last_training_loss": 6.109551691224624e-07, "elapsed_seconds": 26.21485779201612}
{"step": 13420, "local_step": 420, "arm": "original32", "train_loss": 6.112041432970727e-07, "train_loss64": 6.782529884201551e-07, "train_accurate_loss64": 6.782529884199729e-07, "train_objective_loss": 6.112041432970727e-07, "train_accuracy": 1.0, "train_minimum_margin": 13.54383373260498, "test_loss": 0.001005046651698649, "test_loss64": 0.0010051015235235357, "test_accurate_loss64": 0.0010051015235235338, "test_objective_loss": 0.001005046651698649, "test_accuracy": 1.0, "test_minimum_margin": 1.5456418991088867, "max_abs_logit": 20.82817840576172, "last_training_loss": 6.100836458244885e-07, "elapsed_seconds": 26.747326666954905}
{"step": 13430, "local_step": 430, "arm": "original32", "train_loss": 6.109551691224624e-07, "train_loss64": 6.766682926025703e-07, "train_accurate_loss64": 6.766682926037336e-07, "train_objective_loss": 6.109551691224624e-07, "train_accuracy": 1.0, "train_minimum_margin": 13.548914909362793, "test_loss": 0.0010070411954075098, "test_loss64": 0.0010070980672199983, "test_accurate_loss64": 0.001007098067219998, "test_objective_loss": 0.0010070411954075098, "test_accuracy": 1.0, "test_minimum_margin": 1.5739948749542236, "max_abs_logit": 20.815509796142578, "last_training_loss": 6.073134954931447e-07, "elapsed_seconds": 27.369324499974027}
{"step": 13440, "local_step": 440, "arm": "original32", "train_loss": 6.083406560719595e-07, "train_loss64": 6.751113650261357e-07, "train_accurate_loss64": 6.751113650236894e-07, "train_objective_loss": 6.083406560719595e-07, "train_accuracy": 1.0, "train_minimum_margin": 13.55728530883789, "test_loss": 0.00100924470461905, "test_loss64": 0.0010093015184920544, "test_accurate_loss64": 0.0010093015184920512, "test_objective_loss": 0.00100924470461905, "test_accuracy": 1.0, "test_minimum_margin": 1.5913774967193604, "max_abs_logit": 20.810501098632812, "last_training_loss": 6.058506301087618e-07, "elapsed_seconds": 28.00377987488173}
{"step": 13450, "local_step": 450, "arm": "original32", "train_loss": 6.03952003075392e-07, "train_loss64": 6.736548202835527e-07, "train_accurate_loss64": 6.736548202861118e-07, "train_objective_loss": 6.03952003075392e-07, "train_accuracy": 1.0, "train_minimum_margin": 13.563756942749023, "test_loss": 0.0010118498466908932, "test_loss64": 0.001011907229480475, "test_accurate_loss64": 0.001011907229480475, "test_objective_loss": 0.0010118498466908932, "test_accuracy": 1.0, "test_minimum_margin": 1.6097681522369385, "max_abs_logit": 20.809696197509766, "last_training_loss": 6.051969876352814e-07, "elapsed_seconds": 28.66795445792377}
{"step": 13460, "local_step": 460, "arm": "original32", "train_loss": 6.067843969503883e-07, "train_loss64": 6.722394384702886e-07, "train_accurate_loss64": 6.722394384736633e-07, "train_objective_loss": 6.067843969503883e-07, "train_accuracy": 1.0, "train_minimum_margin": 13.570963859558105, "test_loss": 0.0010142750106751919, "test_loss64": 0.0010143316920598353, "test_accurate_loss64": 0.0010143316920598333, "test_objective_loss": 0.0010142750106751919, "test_accuracy": 1.0, "test_minimum_margin": 1.6299227476119995, "max_abs_logit": 20.810312271118164, "last_training_loss": 6.018976819177624e-07, "elapsed_seconds": 29.28176225000061}
{"step": 13470, "local_step": 470, "arm": "original32", "train_loss": 6.002480859024217e-07, "train_loss64": 6.706806053349726e-07, "train_accurate_loss64": 6.706806053305458e-07, "train_objective_loss": 6.002480859024217e-07, "train_accuracy": 1.0, "train_minimum_margin": 13.568439483642578, "test_loss": 0.0010173856280744076, "test_loss64": 0.0010174422876569132, "test_accurate_loss64": 0.00101744228765691, "test_objective_loss": 0.0010173856280744076, "test_accuracy": 1.0, "test_minimum_margin": 1.6450283527374268, "max_abs_logit": 20.8120059967041, "last_training_loss": 6.032050237081421e-07, "elapsed_seconds": 29.811258957954124}
{"step": 13480, "local_step": 480, "arm": "original32", "train_loss": 6.029248424965772e-07, "train_loss64": 6.692689278762311e-07, "train_accurate_loss64": 6.692689278718884e-07, "train_objective_loss": 6.029248424965772e-07, "train_accuracy": 1.0, "train_minimum_margin": 13.5635404586792, "test_loss": 0.0010206432780250907, "test_loss64": 0.0010206976584590506, "test_accurate_loss64": 0.001020697658459047, "test_objective_loss": 0.0010206432780250907, "test_accuracy": 1.0, "test_minimum_margin": 1.6587331295013428, "max_abs_logit": 20.812082290649414, "last_training_loss": 5.992832257106784e-07, "elapsed_seconds": 30.330723791848868}
{"step": 13490, "local_step": 490, "arm": "original32", "train_loss": 5.991897751300712e-07, "train_loss64": 6.677335376148249e-07, "train_accurate_loss64": 6.677335376196253e-07, "train_objective_loss": 5.991897751300712e-07, "train_accuracy": 1.0, "train_minimum_margin": 13.557279586791992, "test_loss": 0.0010242965072393417, "test_loss64": 0.0010243515939316167, "test_accurate_loss64": 0.001024351593931617, "test_objective_loss": 0.0010242965072393417, "test_accuracy": 1.0, "test_minimum_margin": 1.6730494499206543, "max_abs_logit": 20.80689811706543, "last_training_loss": 6.001547490086523e-07, "elapsed_seconds": 30.856125958031043}
{"step": 13492, "local_step": 492, "arm": "original32", "train_loss": 5.981004278510227e-07, "train_loss64": 6.674370219916917e-07, "train_accurate_loss64": 6.674370219888881e-07, "train_objective_loss": 5.981004278510227e-07, "train_accuracy": 1.0, "train_minimum_margin": 13.554219245910645, "test_loss": 0.0010253728833049536, "test_loss64": 0.0010254277051836174, "test_accurate_loss64": 0.0010254277051836155, "test_objective_loss": 0.0010253728833049536, "test_accuracy": 1.0, "test_minimum_margin": 1.675137996673584, "max_abs_logit": 20.804471969604492, "last_training_loss": 5.984117024127045e-07, "elapsed_seconds": 31.02065095794387}
{
  "metadata": {
    "healthy_checkpoint": "work/basis_study/seed3_matched_control_replay/final.pt",
    "collapsed_checkpoint": "work/basis_study/seed3_baseline/step_014000.pt",
    "healthy_step": 13492,
    "collapsed_step": 14000,
    "seed": 3,
    "config": {
      "modulus": 113,
      "sequence_length": 3,
      "d_model": 128,
      "num_heads": 4,
      "d_mlp": 512,
      "num_layers": 1
    },
    "torch_version": "2.13.0",
    "numpy_version": "2.5.2",
    "native_healthy": {
      "train": {
        "loss": 5.981004278510227e-07,
        "loss64": 6.674370219916917e-07,
        "accuracy": 1.0,
        "max_abs_logit": 20.403095245361328
      },
      "heldout": {
        "loss": 0.0010253728833049536,
        "loss64": 0.0010254277051836174,
        "accuracy": 1.0,
        "max_abs_logit": 20.804471969604492
      }
    },
    "native_collapsed": {
      "train": {
        "loss": 4.7559203153468843e-07,
        "loss64": 5.423212306782118e-07,
        "accuracy": 1.0,
        "max_abs_logit": 21.684228897094727
      },
      "heldout": {
        "loss": 0.0011487448355183005,
        "loss64": 0.0011488002639216395,
        "accuracy": 1.0,
        "max_abs_logit": 21.70136833190918
      }
    },
    "dataset_sha256": "a7df007113d76c7a17fda3f76efb8bbd018ca86ab3d9640ed7eabf660a273c06",
    "protocol": "Raw final residuals. Original training examples only for fits and regularization validation. All test rows remain held out. No Fourier filtering."
  },
  "heldout": {
    "healthy_original": {
      "n": 8939,
      "accuracy": 1.0,
      "correct_count": 8939,
      "cross_entropy": 0.0010254275706281448,
      "margin_mean": 12.890778975968429,
      "margin_median": 12.893801679941626,
      "margin_min": 1.6751378030322088,
      "margin_p05": 8.00389994594371,
      "margin_p95": 17.066322973376632,
      "positive_margin_fraction": 1.0
    },
    "collapsed_original": {
      "n": 8939,
      "accuracy": 1.0,
      "correct_count": 8939,
      "cross_entropy": 0.0011488000833812663,
      "margin_mean": 13.041302461561527,
      "margin_median": 12.999158048440453,
      "margin_min": 1.1687818473408975,
      "margin_p05": 8.247228637466918,
      "margin_p95": 17.259495866117103,
      "positive_margin_fraction": 1.0
    },
    "healthy_readout_on_collapsed": {
      "n": 8939,
      "accuracy": 0.9996643919901554,
      "correct_count": 8936,
      "cross_entropy": 0.002110082919753145,
      "margin_mean": 12.969554009979758,
      "margin_median": 12.971556234151498,
      "margin_min": -0.7378186023699458,
      "margin_p05": 7.868930437332095,
      "margin_p95": 17.706708965201294,
      "positive_margin_fraction": 0.9996643919901554
    },
    "collapsed_readout_on_healthy": {
      "n": 8939,
      "accuracy": 1.0,
      "correct_count": 8939,
      "cross_entropy": 0.0015382938637632404,
      "margin_mean": 12.35591317283262,
      "margin_median": 12.3330699385276,
      "margin_min": 0.4382127924192618,
      "margin_p05": 7.625592469236213,
      "margin_p95": 16.69957633883197,
      "positive_margin_fraction": 1.0
    },
    "orthogonal_transport": {
      "n": 8939,
      "accuracy": 1.0,
      "correct_count": 8939,
      "cross_entropy": 0.0012776685318452543,
      "margin_mean": 13.163980506990248,
      "margin_median": 13.087003543551436,
      "margin_min": 0.8842661506587396,
      "margin_p05": 8.211165520876554,
      "margin_p95": 17.511455204544593,
      "positive_margin_fraction": 1.0
    },
    "linear_transport": {
      "n": 8939,
      "accuracy": 1.0,
      "correct_count": 8939,
      "cross_entropy": 0.00117872821317496,
      "margin_mean": 12.77602334158794,
      "margin_median": 12.72359882419752,
      "margin_min": 1.3636912095875036,
      "margin_p05": 8.043734385632833,
      "margin_p95": 16.935119216466124,
      "positive_margin_fraction": 1.0
    },
    "inverse_forward_transport": {
      "n": 8939,
      "accuracy": 1.0,
      "correct_count": 8939,
      "cross_entropy": 0.0010351444040251716,
      "margin_mean": 13.024909929739087,
      "margin_median": 12.978927592142051,
      "margin_min": 1.4622350420752666,
      "margin_p05": 8.217408309320936,
      "margin_p95": 17.273270175737025,
      "positive_margin_fraction": 1.0
    }
  }
}
{"seed": 3, "phase": "control", "pairs": ["work/basis_study/seed3_matched_healthy"]}
