{
  "metadata": {
    "healthy_checkpoint": "work/basis_study/seed3_baseline/healthy.pt",
    "collapsed_checkpoint": "work/basis_study/seed3_baseline/collapse.pt",
    "healthy_step": 15800,
    "collapsed_step": 16308,
    "seed": 3,
    "config": {
      "modulus": 113,
      "sequence_length": 3,
      "d_model": 128,
      "num_heads": 4,
      "d_mlp": 512,
      "num_layers": 1
    },
    "torch_version": "2.13.0",
    "numpy_version": "2.5.2",
    "native_healthy": {
      "train": {
        "loss": 2.0691992119736824e-07,
        "loss64": 2.5313548700396315e-07,
        "accuracy": 1.0,
        "max_abs_logit": 186.85659790039062
      },
      "heldout": {
        "loss": 0.05277153477072716,
        "loss64": 0.052771575085099776,
        "accuracy": 0.9907148450609687,
        "max_abs_logit": 181.6414031982422
      }
    },
    "native_collapsed": {
      "train": {
        "loss": 7.837681770324707,
        "loss64": 7.837681333880394,
        "accuracy": 0.643603133159269,
        "max_abs_logit": 1058.1239013671875
      },
      "heldout": {
        "loss": 10.077975273132324,
        "loss64": 10.077975401223949,
        "accuracy": 0.5359659917216691,
        "max_abs_logit": 1064.4339599609375
      }
    },
    "dataset_sha256": "a7df007113d76c7a17fda3f76efb8bbd018ca86ab3d9640ed7eabf660a273c06",
    "protocol": "Raw final residuals. Original training examples only for fits and regularization validation. All test rows remain held out. No Fourier filtering."
  },
  "heldout": {
    "healthy_original": {
      "n": 8939,
      "accuracy": 0.9907148450609687,
      "correct_count": 8856,
      "cross_entropy": 0.0527715411261761,
      "margin_mean": 12.052494299395008,
      "margin_median": 12.802569388682244,
      "margin_min": -10.407238055285433,
      "margin_p05": 3.2637959782148442,
      "margin_p95": 18.04236204386138,
      "positive_margin_fraction": 0.9907148450609687
    },
    "collapsed_original": {
      "n": 8939,
      "accuracy": 0.5359659917216691,
      "correct_count": 4791,
      "cross_entropy": 10.077973307688872,
      "margin_mean": -3.58042198975667,
      "margin_median": 1.7870501583513487,
      "margin_min": -102.33288779338477,
      "margin_p05": -38.35490233429715,
      "margin_p95": 21.85767230710053,
      "positive_margin_fraction": 0.5359659917216691
    },
    "healthy_readout_on_collapsed": {
      "n": 8939,
      "accuracy": 0.352835887683186,
      "correct_count": 3154,
      "cross_entropy": 8.799141715773393,
      "margin_mean": -5.63357742109713,
      "margin_median": -5.197321973642204,
      "margin_min": -51.851408232293124,
      "margin_p05": -27.546659262461255,
      "margin_p95": 15.603337834603654,
      "positive_margin_fraction": 0.352835887683186
    },
    "collapsed_readout_on_healthy": {
      "n": 8939,
      "accuracy": 0.4851773128985345,
      "correct_count": 4337,
      "cross_entropy": 5.283155359569555,
      "margin_mean": -1.3763833340223128,
      "margin_median": -0.3376312140869686,
      "margin_min": -61.924361240799044,
      "margin_p05": -20.565214661092647,
      "margin_p95": 15.000468393414884,
      "positive_margin_fraction": 0.4851773128985345
    },
    "orthogonal_transport": {
      "n": 8939,
      "accuracy": 0.8833202819107283,
      "correct_count": 7896,
      "cross_entropy": 0.46103460643182187,
      "margin_mean": 8.263757220889175,
      "margin_median": 8.87719794224273,
      "margin_min": -21.85348715024014,
      "margin_p05": -2.7051691804524864,
      "margin_p95": 17.95049735061251,
      "positive_margin_fraction": 0.8833202819107283
    },
    "linear_transport": {
      "n": 8939,
      "accuracy": 0.9258306298243651,
      "correct_count": 8276,
      "cross_entropy": 0.3191789986333712,
      "margin_mean": 6.05287457461043,
      "margin_median": 6.304075756459966,
      "margin_min": -12.337584476121052,
      "margin_p05": -0.7231072107128838,
      "margin_p95": 11.886112316689779,
      "positive_margin_fraction": 0.9258306298243651
    },
    "inverse_forward_transport": {
      "n": 8939,
      "accuracy": 0.9437297236827386,
      "correct_count": 8436,
      "cross_entropy": 0.22091473626296465,
      "margin_mean": 9.233245798766152,
      "margin_median": 9.810010749986205,
      "margin_min": -13.967861052408807,
      "margin_p05": -0.26745813290117154,
      "margin_p95": 17.61723877368064,
      "positive_margin_fraction": 0.9437297236827386
    }
  }
}
{
  "metadata": {
    "healthy_checkpoint": "work/basis_study/seed3_baseline/previous.pt",
    "collapsed_checkpoint": "work/basis_study/seed3_baseline/collapse.pt",
    "healthy_step": 16307,
    "collapsed_step": 16308,
    "seed": 3,
    "config": {
      "modulus": 113,
      "sequence_length": 3,
      "d_model": 128,
      "num_heads": 4,
      "d_mlp": 512,
      "num_layers": 1
    },
    "torch_version": "2.13.0",
    "numpy_version": "2.5.2",
    "native_healthy": {
      "train": {
        "loss": 0.38024601340293884,
        "loss64": 0.38024608556272155,
        "accuracy": 0.9900783289817232,
        "max_abs_logit": 1071.25634765625
      },
      "heldout": {
        "loss": 0.8039260506629944,
        "loss64": 0.8039260575343333,
        "accuracy": 0.8954021702651304,
        "max_abs_logit": 1085.6820068359375
      }
    },
    "native_collapsed": {
      "train": {
        "loss": 7.837681770324707,
        "loss64": 7.837681333880394,
        "accuracy": 0.643603133159269,
        "max_abs_logit": 1058.1239013671875
      },
      "heldout": {
        "loss": 10.077975273132324,
        "loss64": 10.077975401223949,
        "accuracy": 0.5359659917216691,
        "max_abs_logit": 1064.4339599609375
      }
    },
    "dataset_sha256": "a7df007113d76c7a17fda3f76efb8bbd018ca86ab3d9640ed7eabf660a273c06",
    "protocol": "Raw final residuals. Original training examples only for fits and regularization validation. All test rows remain held out. No Fourier filtering."
  },
  "heldout": {
    "healthy_original": {
      "n": 8939,
      "accuracy": 0.8954021702651304,
      "correct_count": 8004,
      "cross_entropy": 0.803926763153172,
      "margin_mean": 9.684499502701605,
      "margin_median": 10.940553092847608,
      "margin_min": -61.68962295933159,
      "margin_p05": -2.8051569668849194,
      "margin_p95": 20.668226083507523,
      "positive_margin_fraction": 0.8954021702651304
    },
    "collapsed_original": {
      "n": 8939,
      "accuracy": 0.5359659917216691,
      "correct_count": 4791,
      "cross_entropy": 10.077973307688872,
      "margin_mean": -3.58042198975667,
      "margin_median": 1.7870501583513487,
      "margin_min": -102.33288779338477,
      "margin_p05": -38.35490233429715,
      "margin_p95": 21.85767230710053,
      "positive_margin_fraction": 0.5359659917216691
    },
    "healthy_readout_on_collapsed": {
      "n": 8939,
      "accuracy": 0.9100570533616735,
      "correct_count": 8135,
      "cross_entropy": 0.7077622788491964,
      "margin_mean": 10.571181984313753,
      "margin_median": 11.75688331807396,
      "margin_min": -60.842743155533185,
      "margin_p05": -2.2149527156451763,
      "margin_p95": 21.96338599702954,
      "positive_margin_fraction": 0.9100570533616735
    },
    "collapsed_readout_on_healthy": {
      "n": 8939,
      "accuracy": 0.5079986575679606,
      "correct_count": 4541,
      "cross_entropy": 11.276665803780617,
      "margin_mean": -5.3933636013140775,
      "margin_median": 0.432220214208769,
      "margin_min": -105.37245414400513,
      "margin_p05": -41.548286771393364,
      "margin_p95": 20.60910168439144,
      "positive_margin_fraction": 0.5079986575679606
    },
    "orthogonal_transport": {
      "n": 8939,
      "accuracy": 0.9125181787671999,
      "correct_count": 8157,
      "cross_entropy": 0.6974948104885884,
      "margin_mean": 10.666814055295713,
      "margin_median": 11.838064318297143,
      "margin_min": -57.981337244188694,
      "margin_p05": -2.2257769874789908,
      "margin_p95": 21.934282434676234,
      "positive_margin_fraction": 0.9125181787671999
    },
    "linear_transport": {
      "n": 8939,
      "accuracy": 0.9049110638773912,
      "correct_count": 8089,
      "cross_entropy": 0.7839027368372803,
      "margin_mean": 9.76530756430622,
      "margin_median": 10.9018351910712,
      "margin_min": -63.37950605363187,
      "margin_p05": -2.6064089423132257,
      "margin_p95": 20.637718118997253,
      "positive_margin_fraction": 0.9049110638773912
    },
    "inverse_forward_transport": {
      "n": 8939,
      "accuracy": 0.9065891039266137,
      "correct_count": 8104,
      "cross_entropy": 0.758333403686151,
      "margin_mean": 10.081019670669596,
      "margin_median": 11.235115968686955,
      "margin_min": -61.78011076431085,
      "margin_p05": -2.498281803453324,
      "margin_p95": 21.145681666940753,
      "positive_margin_fraction": 0.9065891039266137
    }
  }
}
{"seed": 3, "phase": "event", "pairs": ["work/basis_study/seed3_first_event", "work/basis_study/seed3_adjacent_event"]}
