{"step": 0, "train_loss": 5.095478057861328, "train_accuracy": 0.007310704960835509, "test_loss": 5.103884220123291, "test_accuracy": 0.00894954692918671, "heldout_measured": true, "post_grok": false, "event_trigger": false, "elapsed_seconds": 0.09310537483543158}
{"step": 1000, "train_loss": 0.0008340368513017893, "train_accuracy": 1.0, "test_loss": 47.22860336303711, "test_accuracy": 0.023828168698959616, "heldout_measured": true, "post_grok": false, "event_trigger": false, "elapsed_seconds": 70.01560754096135}
{"step": 2000, "train_loss": 1.6496322530201724e-08, "train_accuracy": 1.0, "test_loss": 10.08088493347168, "test_accuracy": 0.2972368273856136, "heldout_measured": true, "post_grok": false, "event_trigger": false, "elapsed_seconds": 144.15227962494828}
{"step": 3000, "train_loss": 3.187214403510552e-08, "train_accuracy": 1.0, "test_loss": 23.941246032714844, "test_accuracy": 0.27732408546817316, "heldout_measured": true, "post_grok": false, "event_trigger": false, "elapsed_seconds": 233.51556545798667}
{"step": 4000, "train_loss": 4.24858122016758e-08, "train_accuracy": 1.0, "test_loss": 3.8491768836975098, "test_accuracy": 0.8361114218592683, "heldout_measured": true, "post_grok": false, "event_trigger": false, "elapsed_seconds": 321.29270145785995}
{"step": 5000, "train_loss": 3.428745287692436e-07, "train_accuracy": 1.0, "test_loss": 0.5378769040107727, "test_accuracy": 0.9025618078084797, "heldout_measured": true, "post_grok": false, "event_trigger": false, "elapsed_seconds": 396.30881766579114}
{"step": 6000, "train_loss": 1.3078933989163488e-05, "train_accuracy": 1.0, "test_loss": 0.07640412449836731, "test_accuracy": 0.988589327665287, "heldout_measured": true, "post_grok": true, "event_trigger": false, "elapsed_seconds": 461.9863749158103}
{"step": 7000, "train_loss": 1.1775897291954607e-05, "train_accuracy": 1.0, "test_loss": 0.01908532902598381, "test_accuracy": 0.9977626132677033, "heldout_measured": true, "post_grok": true, "event_trigger": false, "elapsed_seconds": 543.9793072908651}
{"step": 8000, "train_loss": 1.1343855476297904e-05, "train_accuracy": 1.0, "test_loss": 0.00906619057059288, "test_accuracy": 0.999328783980311, "heldout_measured": true, "post_grok": true, "event_trigger": false, "elapsed_seconds": 638.1476159999147}
{"step": 9000, "train_loss": 1.0740687685029116e-05, "train_accuracy": 1.0, "test_loss": 0.006253325380384922, "test_accuracy": 0.9997762613267703, "heldout_measured": true, "post_grok": true, "event_trigger": false, "elapsed_seconds": 721.3561164999846}
{"step": 10000, "train_loss": 6.971972197789e-06, "train_accuracy": 1.0, "test_loss": 0.0031142623629420996, "test_accuracy": 1.0, "heldout_measured": true, "post_grok": true, "event_trigger": false, "elapsed_seconds": 797.7744205407798}
{"step": 11000, "train_loss": 4.0315671867574565e-06, "train_accuracy": 1.0, "test_loss": 0.0012912292731925845, "test_accuracy": 1.0, "heldout_measured": true, "post_grok": true, "event_trigger": false, "elapsed_seconds": 874.199293457903}
{"step": 12000, "train_loss": 3.009079136973014e-06, "train_accuracy": 1.0, "test_loss": 0.0008389254799112678, "test_accuracy": 1.0, "heldout_measured": true, "post_grok": true, "event_trigger": false, "elapsed_seconds": 942.5652634578291}
{"step": 13000, "train_loss": 1.9640870050352532e-06, "train_accuracy": 1.0, "test_loss": 0.0005016147624701262, "test_accuracy": 1.0, "heldout_measured": true, "post_grok": true, "event_trigger": false, "elapsed_seconds": 1009.6187118329108}
{"step": 14000, "train_loss": 1.4361432931764284e-06, "train_accuracy": 1.0, "test_loss": 0.00045044184662401676, "test_accuracy": 1.0, "heldout_measured": true, "post_grok": true, "event_trigger": false, "elapsed_seconds": 1074.9483908747789}
{"step": 15000, "train_loss": 8.049577786550799e-07, "train_accuracy": 1.0, "test_loss": 0.0002750024141278118, "test_accuracy": 1.0, "heldout_measured": true, "post_grok": true, "event_trigger": false, "elapsed_seconds": 1143.8931482909247}
{"step": 16000, "train_loss": 4.4026495515936404e-07, "train_accuracy": 1.0, "test_loss": 0.00018013588851317763, "test_accuracy": 1.0, "heldout_measured": true, "post_grok": true, "event_trigger": false, "elapsed_seconds": 1212.1166940408293}
{"step": 17000, "train_loss": 2.7937920776821557e-07, "train_accuracy": 1.0, "test_loss": 0.00020254576520528644, "test_accuracy": 1.0, "heldout_measured": true, "post_grok": true, "event_trigger": false, "elapsed_seconds": 1276.7953099999577}
{"step": 18000, "train_loss": 1.5631044902875146e-07, "train_accuracy": 1.0, "test_loss": 0.00017197351553477347, "test_accuracy": 1.0, "heldout_measured": true, "post_grok": true, "event_trigger": false, "elapsed_seconds": 1338.6647389999125}
CAPTURE {"step": 18069, "train_loss": 17.980005264282227, "train_accuracy": 0.009921671018276762, "test_loss": 20.748191833496094, "test_accuracy": 0.00928515493903121, "heldout_measured": true, "post_grok": true, "event_trigger": true, "elapsed_seconds": 1343.3781757499091}
{"seed": 2, "last_step": 18269, "event_step": 18069, "peak_step": 18069, "grok_confirmed_step": 6000, "elapsed_seconds": 1356.9852034579962}
