{"step": 0, "train_loss": 5.1471052169799805, "train_accuracy": 0.008093994778067885, "test_loss": 5.135010719299316, "test_accuracy": 0.009173285602416377, "heldout_measured": true, "post_grok": false, "event_trigger": false, "elapsed_seconds": 0.07401262503117323}
{"step": 1000, "train_loss": 5.856902862433344e-05, "train_accuracy": 1.0, "test_loss": 47.28240203857422, "test_accuracy": 0.00950889361226088, "heldout_measured": true, "post_grok": false, "event_trigger": false, "elapsed_seconds": 61.51171712507494}
{"step": 2000, "train_loss": 1.2636806268062628e-08, "train_accuracy": 1.0, "test_loss": 32.99750518798828, "test_accuracy": 0.06947085803781183, "heldout_measured": true, "post_grok": false, "event_trigger": false, "elapsed_seconds": 134.94010183401406}
{"step": 3000, "train_loss": 9.337541406750915e-09, "train_accuracy": 1.0, "test_loss": 16.230247497558594, "test_accuracy": 0.41962188164224185, "heldout_measured": true, "post_grok": false, "event_trigger": false, "elapsed_seconds": 219.99431554204784}
{"step": 4000, "train_loss": 2.5242487211585285e-08, "train_accuracy": 1.0, "test_loss": 4.956477165222168, "test_accuracy": 0.6727821904016109, "heldout_measured": true, "post_grok": false, "event_trigger": false, "elapsed_seconds": 309.0491146668792}
{"step": 5000, "train_loss": 3.0241446893342072e-06, "train_accuracy": 1.0, "test_loss": 0.8059083223342896, "test_accuracy": 0.7969571540440765, "heldout_measured": true, "post_grok": false, "event_trigger": false, "elapsed_seconds": 385.9714706670493}
{"step": 6000, "train_loss": 9.072339707927313e-06, "train_accuracy": 1.0, "test_loss": 0.027805300429463387, "test_accuracy": 0.9984338292873923, "heldout_measured": true, "post_grok": true, "event_trigger": false, "elapsed_seconds": 453.49292354192585}
{"step": 7000, "train_loss": 8.26524046715349e-06, "train_accuracy": 1.0, "test_loss": 0.0024597039446234703, "test_accuracy": 1.0, "heldout_measured": true, "post_grok": true, "event_trigger": false, "elapsed_seconds": 530.6981610839721}
{"step": 8000, "train_loss": 7.757406820019241e-06, "train_accuracy": 1.0, "test_loss": 0.0013970943400636315, "test_accuracy": 1.0, "heldout_measured": true, "post_grok": true, "event_trigger": false, "elapsed_seconds": 624.8862686669454}
{"step": 9000, "train_loss": 4.988130967831239e-06, "train_accuracy": 1.0, "test_loss": 0.000789986050222069, "test_accuracy": 1.0, "heldout_measured": true, "post_grok": true, "event_trigger": false, "elapsed_seconds": 708.6513557089493}
{"step": 10000, "train_loss": 5.266357220534701e-06, "train_accuracy": 1.0, "test_loss": 0.0006395287928171456, "test_accuracy": 1.0, "heldout_measured": true, "post_grok": true, "event_trigger": false, "elapsed_seconds": 784.5618509589694}
{"step": 11000, "train_loss": 3.4535441955085844e-06, "train_accuracy": 1.0, "test_loss": 0.0004251933132763952, "test_accuracy": 1.0, "heldout_measured": true, "post_grok": true, "event_trigger": false, "elapsed_seconds": 862.9715502089821}
{"step": 12000, "train_loss": 2.0268037133064354e-06, "train_accuracy": 1.0, "test_loss": 0.0003612122964113951, "test_accuracy": 1.0, "heldout_measured": true, "post_grok": true, "event_trigger": false, "elapsed_seconds": 931.6740455420222}
{"step": 13000, "train_loss": 1.5884385220488184e-06, "train_accuracy": 1.0, "test_loss": 0.0005207901704125106, "test_accuracy": 1.0, "heldout_measured": true, "post_grok": true, "event_trigger": false, "elapsed_seconds": 1000.8702953748871}
{"step": 14000, "train_loss": 9.400717999596964e-07, "train_accuracy": 1.0, "test_loss": 0.0007204495486803353, "test_accuracy": 1.0, "heldout_measured": true, "post_grok": true, "event_trigger": false, "elapsed_seconds": 1072.837921458995}
{"step": 15000, "train_loss": 5.847479087606189e-07, "train_accuracy": 1.0, "test_loss": 0.0008311285055242479, "test_accuracy": 1.0, "heldout_measured": true, "post_grok": true, "event_trigger": false, "elapsed_seconds": 1142.3104860000312}
{"step": 16000, "train_loss": 3.7667641095140425e-07, "train_accuracy": 1.0, "test_loss": 0.0011073924833908677, "test_accuracy": 1.0, "heldout_measured": true, "post_grok": true, "event_trigger": false, "elapsed_seconds": 1207.0039409589954}
{"step": 17000, "train_loss": 1.9907638204585965e-07, "train_accuracy": 1.0, "test_loss": 0.004438202828168869, "test_accuracy": 0.9995525226535407, "heldout_measured": true, "post_grok": true, "event_trigger": false, "elapsed_seconds": 1272.3864700840786}
CAPTURE {"step": 17721, "train_loss": 13.07446575164795, "train_accuracy": 0.1566579634464752, "test_loss": 18.055532455444336, "test_accuracy": 0.09094977066785993, "heldout_measured": true, "post_grok": true, "event_trigger": true, "elapsed_seconds": 1318.5815560419578}
{"seed": 1, "last_step": 17921, "event_step": 17721, "peak_step": 17721, "grok_confirmed_step": 6000, "elapsed_seconds": 1331.9554326669313}
