Token embedding attribute: token_embedding
Position embedding attribute: position_embedding
Unembedding attribute: unembedding
token_embedding parameters: ['token_embedding.weight']
position_embedding parameters: ['position_embedding.weight']
unembedding parameters: ['unembedding.weight']
other_auxiliary parameters: []
Device: cpu
Source checkpoint: followup_studies/work/control_provenance/parity_source.pt
Starting step: 16000
Branch mode: control
Frozen group: None
Additional steps: 2000
Evaluation interval: 10
Output CSV: followup_studies/work/control_provenance/parity_runs/component/trajectory.csv
step= 16000 | train_acc=1.0000 | test_acc=0.9999 | token_delta=0.0000 | position_delta=0.0000 | unembedding_delta=0.0000
step= 16010 | train_acc=1.0000 | test_acc=0.9999 | token_delta=0.0033 | position_delta=0.0004 | unembedding_delta=0.0029
step= 16020 | train_acc=1.0000 | test_acc=0.9999 | token_delta=0.0068 | position_delta=0.0009 | unembedding_delta=0.0058
step= 16030 | train_acc=1.0000 | test_acc=0.9999 | token_delta=0.0102 | position_delta=0.0014 | unembedding_delta=0.0087
step= 16040 | train_acc=1.0000 | test_acc=0.9999 | token_delta=0.0137 | position_delta=0.0018 | unembedding_delta=0.0117
step= 16050 | train_acc=1.0000 | test_acc=0.9999 | token_delta=0.0172 | position_delta=0.0023 | unembedding_delta=0.0146
step= 16060 | train_acc=1.0000 | test_acc=0.9999 | token_delta=0.0207 | position_delta=0.0028 | unembedding_delta=0.0176
step= 16070 | train_acc=1.0000 | test_acc=0.9999 | token_delta=0.0243 | position_delta=0.0034 | unembedding_delta=0.0207
step= 16080 | train_acc=1.0000 | test_acc=0.9999 | token_delta=0.0280 | position_delta=0.0039 | unembedding_delta=0.0238
step= 16090 | train_acc=1.0000 | test_acc=0.9999 | token_delta=0.0317 | position_delta=0.0044 | unembedding_delta=0.0269
step= 16100 | train_acc=1.0000 | test_acc=0.9999 | token_delta=0.0354 | position_delta=0.0050 | unembedding_delta=0.0301
step= 16110 | train_acc=1.0000 | test_acc=0.9999 | token_delta=0.0391 | position_delta=0.0056 | unembedding_delta=0.0334
step= 16120 | train_acc=1.0000 | test_acc=0.9999 | token_delta=0.0429 | position_delta=0.0062 | unembedding_delta=0.0368
step= 16130 | train_acc=1.0000 | test_acc=0.9999 | token_delta=0.0467 | position_delta=0.0067 | unembedding_delta=0.0402
step= 16140 | train_acc=1.0000 | test_acc=0.9999 | token_delta=0.0505 | position_delta=0.0073 | unembedding_delta=0.0437
step= 16150 | train_acc=1.0000 | test_acc=0.9999 | token_delta=0.0543 | position_delta=0.0079 | unembedding_delta=0.0472
step= 16160 | train_acc=1.0000 | test_acc=0.9999 | token_delta=0.0582 | position_delta=0.0085 | unembedding_delta=0.0508
step= 16170 | train_acc=1.0000 | test_acc=0.9999 | token_delta=0.0620 | position_delta=0.0091 | unembedding_delta=0.0545
step= 16180 | train_acc=1.0000 | test_acc=0.9998 | token_delta=0.0659 | position_delta=0.0098 | unembedding_delta=0.0581
step= 16190 | train_acc=1.0000 | test_acc=0.9998 | token_delta=0.0698 | position_delta=0.0104 | unembedding_delta=0.0619
step= 16200 | train_acc=1.0000 | test_acc=0.9998 | token_delta=0.0738 | position_delta=0.0110 | unembedding_delta=0.0656
step= 16210 | train_acc=1.0000 | test_acc=0.9998 | token_delta=0.0778 | position_delta=0.0117 | unembedding_delta=0.0694
step= 16220 | train_acc=1.0000 | test_acc=0.9998 | token_delta=0.0818 | position_delta=0.0124 | unembedding_delta=0.0732
step= 16230 | train_acc=1.0000 | test_acc=0.9997 | token_delta=0.0859 | position_delta=0.0131 | unembedding_delta=0.0771
step= 16240 | train_acc=1.0000 | test_acc=0.9997 | token_delta=0.0900 | position_delta=0.0138 | unembedding_delta=0.0809
step= 16250 | train_acc=1.0000 | test_acc=0.9997 | token_delta=0.0942 | position_delta=0.0145 | unembedding_delta=0.0848
step= 16260 | train_acc=1.0000 | test_acc=0.9997 | token_delta=0.0985 | position_delta=0.0152 | unembedding_delta=0.0888
step= 16270 | train_acc=1.0000 | test_acc=0.9997 | token_delta=0.1029 | position_delta=0.0160 | unembedding_delta=0.0927
step= 16280 | train_acc=1.0000 | test_acc=0.9997 | token_delta=0.1074 | position_delta=0.0168 | unembedding_delta=0.0968
step= 16290 | train_acc=1.0000 | test_acc=0.9996 | token_delta=0.1120 | position_delta=0.0176 | unembedding_delta=0.1009
step= 16300 | train_acc=1.0000 | test_acc=0.9996 | token_delta=0.1169 | position_delta=0.0185 | unembedding_delta=0.1052
step= 16310 | train_acc=1.0000 | test_acc=0.9996 | token_delta=0.1220 | position_delta=0.0196 | unembedding_delta=0.1097
step= 16320 | train_acc=1.0000 | test_acc=0.9996 | token_delta=0.1274 | position_delta=0.0207 | unembedding_delta=0.1145
step= 16330 | train_acc=1.0000 | test_acc=0.9996 | token_delta=0.1331 | position_delta=0.0220 | unembedding_delta=0.1193
step= 16340 | train_acc=1.0000 | test_acc=0.9996 | token_delta=0.1389 | position_delta=0.0233 | unembedding_delta=0.1242
step= 16350 | train_acc=1.0000 | test_acc=0.9996 | token_delta=0.1451 | position_delta=0.0246 | unembedding_delta=0.1292
step= 16360 | train_acc=1.0000 | test_acc=0.9996 | token_delta=0.1516 | position_delta=0.0261 | unembedding_delta=0.1345
step= 16370 | train_acc=1.0000 | test_acc=0.9996 | token_delta=0.1585 | position_delta=0.0276 | unembedding_delta=0.1400
step= 16380 | train_acc=1.0000 | test_acc=0.9996 | token_delta=0.1658 | position_delta=0.0293 | unembedding_delta=0.1458
step= 16390 | train_acc=1.0000 | test_acc=0.9996 | token_delta=0.1736 | position_delta=0.0312 | unembedding_delta=0.1519
step= 16400 | train_acc=1.0000 | test_acc=0.9996 | token_delta=0.1818 | position_delta=0.0332 | unembedding_delta=0.1582
step= 16410 | train_acc=1.0000 | test_acc=0.9996 | token_delta=0.1904 | position_delta=0.0353 | unembedding_delta=0.1647
step= 16420 | train_acc=1.0000 | test_acc=0.9996 | token_delta=0.1992 | position_delta=0.0374 | unembedding_delta=0.1712
step= 16430 | train_acc=1.0000 | test_acc=0.9994 | token_delta=0.2083 | position_delta=0.0396 | unembedding_delta=0.1777
step= 16440 | train_acc=1.0000 | test_acc=0.9994 | token_delta=0.2177 | position_delta=0.0418 | unembedding_delta=0.1844
step= 16450 | train_acc=1.0000 | test_acc=0.9993 | token_delta=0.2277 | position_delta=0.0442 | unembedding_delta=0.1913
step= 16460 | train_acc=1.0000 | test_acc=0.9992 | token_delta=0.2380 | position_delta=0.0466 | unembedding_delta=0.1983
step= 16470 | train_acc=1.0000 | test_acc=0.9992 | token_delta=0.2488 | position_delta=0.0491 | unembedding_delta=0.2053
step= 16480 | train_acc=1.0000 | test_acc=0.9992 | token_delta=0.2598 | position_delta=0.0516 | unembedding_delta=0.2124
step= 16490 | train_acc=1.0000 | test_acc=0.9992 | token_delta=0.2714 | position_delta=0.0542 | unembedding_delta=0.2196
step= 16500 | train_acc=1.0000 | test_acc=0.9992 | token_delta=0.2836 | position_delta=0.0570 | unembedding_delta=0.2270
step= 16510 | train_acc=1.0000 | test_acc=0.9992 | token_delta=0.2966 | position_delta=0.0599 | unembedding_delta=0.2347
step= 16520 | train_acc=1.0000 | test_acc=0.9991 | token_delta=0.3105 | position_delta=0.0630 | unembedding_delta=0.2428
step= 16530 | train_acc=1.0000 | test_acc=0.9990 | token_delta=0.3259 | position_delta=0.0666 | unembedding_delta=0.2517
step= 16540 | train_acc=1.0000 | test_acc=0.9989 | token_delta=0.3425 | position_delta=0.0705 | unembedding_delta=0.2611
step= 16550 | train_acc=1.0000 | test_acc=0.9988 | token_delta=0.3598 | position_delta=0.0745 | unembedding_delta=0.2708
step= 16560 | train_acc=1.0000 | test_acc=0.9987 | token_delta=0.3780 | position_delta=0.0788 | unembedding_delta=0.2808
step= 16570 | train_acc=1.0000 | test_acc=0.9985 | token_delta=0.3970 | position_delta=0.0832 | unembedding_delta=0.2911
step= 16580 | train_acc=1.0000 | test_acc=0.9982 | token_delta=0.4170 | position_delta=0.0879 | unembedding_delta=0.3017
step= 16590 | train_acc=1.0000 | test_acc=0.9980 | token_delta=0.4378 | position_delta=0.0927 | unembedding_delta=0.3127
step= 16600 | train_acc=1.0000 | test_acc=0.9978 | token_delta=0.4592 | position_delta=0.0976 | unembedding_delta=0.3238
step= 16610 | train_acc=1.0000 | test_acc=0.9975 | token_delta=0.4815 | position_delta=0.1028 | unembedding_delta=0.3352
step= 16620 | train_acc=1.0000 | test_acc=0.9972 | token_delta=0.5049 | position_delta=0.1082 | unembedding_delta=0.3470
step= 16630 | train_acc=1.0000 | test_acc=0.9969 | token_delta=0.5296 | position_delta=0.1139 | unembedding_delta=0.3594
step= 16640 | train_acc=1.0000 | test_acc=0.9965 | token_delta=0.5552 | position_delta=0.1199 | unembedding_delta=0.3722
step= 16650 | train_acc=1.0000 | test_acc=0.9962 | token_delta=0.5815 | position_delta=0.1260 | unembedding_delta=0.3852
step= 16660 | train_acc=1.0000 | test_acc=0.9957 | token_delta=0.6084 | position_delta=0.1322 | unembedding_delta=0.3984
step= 16670 | train_acc=1.0000 | test_acc=0.9950 | token_delta=0.6364 | position_delta=0.1387 | unembedding_delta=0.4121
step= 16680 | train_acc=1.0000 | test_acc=0.9942 | token_delta=0.6657 | position_delta=0.1455 | unembedding_delta=0.4264
step= 16690 | train_acc=1.0000 | test_acc=0.9940 | token_delta=0.6965 | position_delta=0.1527 | unembedding_delta=0.4414
step= 16700 | train_acc=1.0000 | test_acc=0.9931 | token_delta=0.7282 | position_delta=0.1602 | unembedding_delta=0.4569
step= 16710 | train_acc=1.0000 | test_acc=0.9919 | token_delta=0.7604 | position_delta=0.1677 | unembedding_delta=0.4726
step= 16720 | train_acc=1.0000 | test_acc=0.9914 | token_delta=0.7930 | position_delta=0.1752 | unembedding_delta=0.4884
step= 16730 | train_acc=1.0000 | test_acc=0.9903 | token_delta=0.8263 | position_delta=0.1830 | unembedding_delta=0.5047
step= 16740 | train_acc=1.0000 | test_acc=0.9896 | token_delta=0.8611 | position_delta=0.1912 | unembedding_delta=0.5217
step= 16750 | train_acc=1.0000 | test_acc=0.9884 | token_delta=0.8978 | position_delta=0.2001 | unembedding_delta=0.5399
step= 16760 | train_acc=1.0000 | test_acc=0.9874 | token_delta=0.9365 | position_delta=0.2098 | unembedding_delta=0.5593
step= 16770 | train_acc=0.9768 | test_acc=0.7625 | token_delta=1.7109 | position_delta=0.2531 | unembedding_delta=1.4275
step= 16780 | train_acc=0.9974 | test_acc=0.7483 | token_delta=3.1973 | position_delta=0.4647 | unembedding_delta=2.6547
step= 16790 | train_acc=1.0000 | test_acc=0.7591 | token_delta=3.7840 | position_delta=0.5328 | unembedding_delta=3.0883
step= 16800 | train_acc=1.0000 | test_acc=0.7547 | token_delta=3.9701 | position_delta=0.5537 | unembedding_delta=3.2227
step= 16810 | train_acc=1.0000 | test_acc=0.7444 | token_delta=4.0011 | position_delta=0.5569 | unembedding_delta=3.2474
step= 16820 | train_acc=1.0000 | test_acc=0.7304 | token_delta=3.9775 | position_delta=0.5538 | unembedding_delta=3.2336
step= 16830 | train_acc=1.0000 | test_acc=0.7193 | token_delta=3.9360 | position_delta=0.5488 | unembedding_delta=3.2067
step= 16840 | train_acc=1.0000 | test_acc=0.7126 | token_delta=3.8894 | position_delta=0.5432 | unembedding_delta=3.1757
step= 16850 | train_acc=1.0000 | test_acc=0.7116 | token_delta=3.8421 | position_delta=0.5376 | unembedding_delta=3.1437
step= 16860 | train_acc=1.0000 | test_acc=0.7120 | token_delta=3.7952 | position_delta=0.5321 | unembedding_delta=3.1115
step= 16870 | train_acc=1.0000 | test_acc=0.7096 | token_delta=3.7491 | position_delta=0.5265 | unembedding_delta=3.0797
step= 16880 | train_acc=1.0000 | test_acc=0.7136 | token_delta=3.7037 | position_delta=0.5211 | unembedding_delta=3.0481
step= 16890 | train_acc=1.0000 | test_acc=0.7159 | token_delta=3.6589 | position_delta=0.5158 | unembedding_delta=3.0169
step= 16900 | train_acc=1.0000 | test_acc=0.7185 | token_delta=3.6148 | position_delta=0.5106 | unembedding_delta=2.9860
step= 16910 | train_acc=1.0000 | test_acc=0.7225 | token_delta=3.5713 | position_delta=0.5054 | unembedding_delta=2.9555
step= 16920 | train_acc=1.0000 | test_acc=0.7231 | token_delta=3.5284 | position_delta=0.5003 | unembedding_delta=2.9253
step= 16930 | train_acc=1.0000 | test_acc=0.7247 | token_delta=3.4860 | position_delta=0.4954 | unembedding_delta=2.8953
step= 16940 | train_acc=1.0000 | test_acc=0.7275 | token_delta=3.4442 | position_delta=0.4904 | unembedding_delta=2.8657
step= 16950 | train_acc=1.0000 | test_acc=0.7288 | token_delta=3.4029 | position_delta=0.4856 | unembedding_delta=2.8364
step= 16960 | train_acc=1.0000 | test_acc=0.7327 | token_delta=3.3622 | position_delta=0.4809 | unembedding_delta=2.8074
step= 16970 | train_acc=1.0000 | test_acc=0.7418 | token_delta=3.3221 | position_delta=0.4762 | unembedding_delta=2.7787
step= 16980 | train_acc=1.0000 | test_acc=0.7513 | token_delta=3.2825 | position_delta=0.4716 | unembedding_delta=2.7503
step= 16990 | train_acc=1.0000 | test_acc=0.7523 | token_delta=3.2434 | position_delta=0.4670 | unembedding_delta=2.7221
step= 17000 | train_acc=1.0000 | test_acc=0.7568 | token_delta=3.2049 | position_delta=0.4626 | unembedding_delta=2.6943
step= 17010 | train_acc=1.0000 | test_acc=0.7591 | token_delta=3.1669 | position_delta=0.4582 | unembedding_delta=2.6667
step= 17020 | train_acc=1.0000 | test_acc=0.7606 | token_delta=3.1294 | position_delta=0.4539 | unembedding_delta=2.6394
step= 17030 | train_acc=1.0000 | test_acc=0.7631 | token_delta=3.0925 | position_delta=0.4497 | unembedding_delta=2.6124
step= 17040 | train_acc=1.0000 | test_acc=0.7597 | token_delta=3.0561 | position_delta=0.4456 | unembedding_delta=2.5857
step= 17050 | train_acc=1.0000 | test_acc=0.7590 | token_delta=3.0202 | position_delta=0.4415 | unembedding_delta=2.5593
step= 17060 | train_acc=1.0000 | test_acc=0.7600 | token_delta=2.9849 | position_delta=0.4375 | unembedding_delta=2.5331
step= 17070 | train_acc=1.0000 | test_acc=0.7626 | token_delta=2.9500 | position_delta=0.4336 | unembedding_delta=2.5072
step= 17080 | train_acc=1.0000 | test_acc=0.7736 | token_delta=2.9157 | position_delta=0.4297 | unembedding_delta=2.4815
step= 17090 | train_acc=1.0000 | test_acc=0.7838 | token_delta=2.8819 | position_delta=0.4259 | unembedding_delta=2.4561
step= 17100 | train_acc=1.0000 | test_acc=0.7885 | token_delta=2.8486 | position_delta=0.4222 | unembedding_delta=2.4310
step= 17110 | train_acc=1.0000 | test_acc=0.7895 | token_delta=2.8158 | position_delta=0.4186 | unembedding_delta=2.4062
step= 17120 | train_acc=1.0000 | test_acc=0.7949 | token_delta=2.7835 | position_delta=0.4150 | unembedding_delta=2.3816
step= 17130 | train_acc=1.0000 | test_acc=0.7966 | token_delta=2.7518 | position_delta=0.4115 | unembedding_delta=2.3572
step= 17140 | train_acc=1.0000 | test_acc=0.7993 | token_delta=2.7205 | position_delta=0.4081 | unembedding_delta=2.3331
step= 17150 | train_acc=1.0000 | test_acc=0.7995 | token_delta=2.6897 | position_delta=0.4048 | unembedding_delta=2.3093
step= 17160 | train_acc=1.0000 | test_acc=0.8017 | token_delta=2.6594 | position_delta=0.4015 | unembedding_delta=2.2856
step= 17170 | train_acc=1.0000 | test_acc=0.8018 | token_delta=2.6296 | position_delta=0.3983 | unembedding_delta=2.2623
step= 17180 | train_acc=1.0000 | test_acc=0.7992 | token_delta=2.6004 | position_delta=0.3951 | unembedding_delta=2.2392
step= 17190 | train_acc=1.0000 | test_acc=0.7979 | token_delta=2.5715 | position_delta=0.3920 | unembedding_delta=2.2163
step= 17200 | train_acc=1.0000 | test_acc=0.7958 | token_delta=2.5432 | position_delta=0.3890 | unembedding_delta=2.1936
step= 17210 | train_acc=1.0000 | test_acc=0.7971 | token_delta=2.5154 | position_delta=0.3861 | unembedding_delta=2.1712
step= 17220 | train_acc=1.0000 | test_acc=0.7955 | token_delta=2.4881 | position_delta=0.3832 | unembedding_delta=2.1490
step= 17230 | train_acc=1.0000 | test_acc=0.7952 | token_delta=2.4612 | position_delta=0.3804 | unembedding_delta=2.1271
step= 17240 | train_acc=1.0000 | test_acc=0.7951 | token_delta=2.4348 | position_delta=0.3776 | unembedding_delta=2.1054
step= 17250 | train_acc=1.0000 | test_acc=0.7934 | token_delta=2.4089 | position_delta=0.3749 | unembedding_delta=2.0839
step= 17260 | train_acc=1.0000 | test_acc=0.7923 | token_delta=2.3835 | position_delta=0.3723 | unembedding_delta=2.0626
step= 17270 | train_acc=1.0000 | test_acc=0.7907 | token_delta=2.3585 | position_delta=0.3697 | unembedding_delta=2.0416
step= 17280 | train_acc=1.0000 | test_acc=0.7890 | token_delta=2.3340 | position_delta=0.3672 | unembedding_delta=2.0207
step= 17290 | train_acc=1.0000 | test_acc=0.7887 | token_delta=2.3100 | position_delta=0.3648 | unembedding_delta=2.0001
step= 17300 | train_acc=1.0000 | test_acc=0.7881 | token_delta=2.2865 | position_delta=0.3624 | unembedding_delta=1.9797
step= 17310 | train_acc=1.0000 | test_acc=0.7870 | token_delta=2.2634 | position_delta=0.3601 | unembedding_delta=1.9595
step= 17320 | train_acc=1.0000 | test_acc=0.7869 | token_delta=2.2408 | position_delta=0.3578 | unembedding_delta=1.9396
step= 17330 | train_acc=1.0000 | test_acc=0.7867 | token_delta=2.2186 | position_delta=0.3556 | unembedding_delta=1.9198
step= 17340 | train_acc=1.0000 | test_acc=0.7866 | token_delta=2.1969 | position_delta=0.3534 | unembedding_delta=1.9002
step= 17350 | train_acc=1.0000 | test_acc=0.7868 | token_delta=2.1756 | position_delta=0.3514 | unembedding_delta=1.8809
step= 17360 | train_acc=1.0000 | test_acc=0.7862 | token_delta=2.1548 | position_delta=0.3493 | unembedding_delta=1.8617
step= 17370 | train_acc=1.0000 | test_acc=0.7852 | token_delta=2.1345 | position_delta=0.3474 | unembedding_delta=1.8428
step= 17380 | train_acc=1.0000 | test_acc=0.7850 | token_delta=2.1146 | position_delta=0.3454 | unembedding_delta=1.8241
step= 17390 | train_acc=1.0000 | test_acc=0.7844 | token_delta=2.0951 | position_delta=0.3436 | unembedding_delta=1.8055
step= 17400 | train_acc=1.0000 | test_acc=0.7827 | token_delta=2.0761 | position_delta=0.3418 | unembedding_delta=1.7872
step= 17410 | train_acc=1.0000 | test_acc=0.7829 | token_delta=2.0575 | position_delta=0.3400 | unembedding_delta=1.7690
step= 17420 | train_acc=1.0000 | test_acc=0.7827 | token_delta=2.0394 | position_delta=0.3383 | unembedding_delta=1.7510
step= 17430 | train_acc=1.0000 | test_acc=0.7820 | token_delta=2.0217 | position_delta=0.3367 | unembedding_delta=1.7333
step= 17440 | train_acc=1.0000 | test_acc=0.7827 | token_delta=2.0044 | position_delta=0.3351 | unembedding_delta=1.7157
step= 17450 | train_acc=1.0000 | test_acc=0.7832 | token_delta=1.9876 | position_delta=0.3335 | unembedding_delta=1.6983
step= 17460 | train_acc=1.0000 | test_acc=0.7847 | token_delta=1.9712 | position_delta=0.3320 | unembedding_delta=1.6811
step= 17470 | train_acc=1.0000 | test_acc=0.7852 | token_delta=1.9552 | position_delta=0.3306 | unembedding_delta=1.6640
step= 17480 | train_acc=1.0000 | test_acc=0.7857 | token_delta=1.9396 | position_delta=0.3292 | unembedding_delta=1.6472
step= 17490 | train_acc=1.0000 | test_acc=0.7863 | token_delta=1.9245 | position_delta=0.3278 | unembedding_delta=1.6305
step= 17500 | train_acc=1.0000 | test_acc=0.7874 | token_delta=1.9097 | position_delta=0.3265 | unembedding_delta=1.6140
step= 17510 | train_acc=1.0000 | test_acc=0.7885 | token_delta=1.8954 | position_delta=0.3252 | unembedding_delta=1.5977
step= 17520 | train_acc=1.0000 | test_acc=0.7901 | token_delta=1.8815 | position_delta=0.3240 | unembedding_delta=1.5816
step= 17530 | train_acc=1.0000 | test_acc=0.7919 | token_delta=1.8680 | position_delta=0.3229 | unembedding_delta=1.5656
step= 17540 | train_acc=1.0000 | test_acc=0.7942 | token_delta=1.8548 | position_delta=0.3217 | unembedding_delta=1.5498
step= 17550 | train_acc=1.0000 | test_acc=0.7958 | token_delta=1.8421 | position_delta=0.3207 | unembedding_delta=1.5342
step= 17560 | train_acc=1.0000 | test_acc=0.7968 | token_delta=1.8298 | position_delta=0.3196 | unembedding_delta=1.5187
step= 17570 | train_acc=1.0000 | test_acc=0.7994 | token_delta=1.8179 | position_delta=0.3186 | unembedding_delta=1.5034
step= 17580 | train_acc=1.0000 | test_acc=0.8017 | token_delta=1.8063 | position_delta=0.3177 | unembedding_delta=1.4883
step= 17590 | train_acc=1.0000 | test_acc=0.8041 | token_delta=1.7951 | position_delta=0.3168 | unembedding_delta=1.4734
step= 17600 | train_acc=1.0000 | test_acc=0.8065 | token_delta=1.7843 | position_delta=0.3159 | unembedding_delta=1.4586
step= 17610 | train_acc=1.0000 | test_acc=0.8085 | token_delta=1.7739 | position_delta=0.3150 | unembedding_delta=1.4439
step= 17620 | train_acc=1.0000 | test_acc=0.8111 | token_delta=1.7639 | position_delta=0.3142 | unembedding_delta=1.4295
step= 17630 | train_acc=1.0000 | test_acc=0.8150 | token_delta=1.7542 | position_delta=0.3135 | unembedding_delta=1.4152
step= 17640 | train_acc=1.0000 | test_acc=0.8177 | token_delta=1.7448 | position_delta=0.3128 | unembedding_delta=1.4010
step= 17650 | train_acc=1.0000 | test_acc=0.8211 | token_delta=1.7359 | position_delta=0.3121 | unembedding_delta=1.3870
step= 17660 | train_acc=1.0000 | test_acc=0.8250 | token_delta=1.7272 | position_delta=0.3114 | unembedding_delta=1.3732
step= 17670 | train_acc=1.0000 | test_acc=0.8292 | token_delta=1.7190 | position_delta=0.3108 | unembedding_delta=1.3595
step= 17680 | train_acc=1.0000 | test_acc=0.8350 | token_delta=1.7110 | position_delta=0.3102 | unembedding_delta=1.3459
step= 17690 | train_acc=1.0000 | test_acc=0.8392 | token_delta=1.7034 | position_delta=0.3097 | unembedding_delta=1.3325
step= 17700 | train_acc=1.0000 | test_acc=0.8452 | token_delta=1.6961 | position_delta=0.3091 | unembedding_delta=1.3193
step= 17710 | train_acc=1.0000 | test_acc=0.8507 | token_delta=1.6892 | position_delta=0.3087 | unembedding_delta=1.3062
step= 17720 | train_acc=1.0000 | test_acc=0.8565 | token_delta=1.6825 | position_delta=0.3082 | unembedding_delta=1.2932
step= 17730 | train_acc=1.0000 | test_acc=0.8614 | token_delta=1.6762 | position_delta=0.3078 | unembedding_delta=1.2804
step= 17740 | train_acc=1.0000 | test_acc=0.8662 | token_delta=1.6702 | position_delta=0.3074 | unembedding_delta=1.2678
step= 17750 | train_acc=1.0000 | test_acc=0.8709 | token_delta=1.6645 | position_delta=0.3070 | unembedding_delta=1.2552
step= 17760 | train_acc=1.0000 | test_acc=0.8755 | token_delta=1.6591 | position_delta=0.3067 | unembedding_delta=1.2429
step= 17770 | train_acc=1.0000 | test_acc=0.8814 | token_delta=1.6540 | position_delta=0.3063 | unembedding_delta=1.2306
step= 17780 | train_acc=1.0000 | test_acc=0.8866 | token_delta=1.6492 | position_delta=0.3061 | unembedding_delta=1.2185
step= 17790 | train_acc=1.0000 | test_acc=0.8935 | token_delta=1.6446 | position_delta=0.3058 | unembedding_delta=1.2066
step= 17800 | train_acc=1.0000 | test_acc=0.9004 | token_delta=1.6403 | position_delta=0.3056 | unembedding_delta=1.1947
step= 17810 | train_acc=1.0000 | test_acc=0.9057 | token_delta=1.6363 | position_delta=0.3054 | unembedding_delta=1.1831
step= 17820 | train_acc=1.0000 | test_acc=0.9126 | token_delta=1.6326 | position_delta=0.3052 | unembedding_delta=1.1715
step= 17830 | train_acc=1.0000 | test_acc=0.9179 | token_delta=1.6291 | position_delta=0.3050 | unembedding_delta=1.1601
step= 17840 | train_acc=1.0000 | test_acc=0.9246 | token_delta=1.6259 | position_delta=0.3049 | unembedding_delta=1.1488
step= 17850 | train_acc=1.0000 | test_acc=0.9302 | token_delta=1.6229 | position_delta=0.3047 | unembedding_delta=1.1376
step= 17860 | train_acc=1.0000 | test_acc=0.9355 | token_delta=1.6202 | position_delta=0.3047 | unembedding_delta=1.1266
step= 17870 | train_acc=1.0000 | test_acc=0.9404 | token_delta=1.6177 | position_delta=0.3046 | unembedding_delta=1.1157
step= 17880 | train_acc=1.0000 | test_acc=0.9450 | token_delta=1.6155 | position_delta=0.3045 | unembedding_delta=1.1049
step= 17890 | train_acc=1.0000 | test_acc=0.9514 | token_delta=1.6134 | position_delta=0.3045 | unembedding_delta=1.0943
step= 17900 | train_acc=1.0000 | test_acc=0.9560 | token_delta=1.6116 | position_delta=0.3045 | unembedding_delta=1.0838
step= 17910 | train_acc=1.0000 | test_acc=0.9603 | token_delta=1.6100 | position_delta=0.3045 | unembedding_delta=1.0734
step= 17920 | train_acc=1.0000 | test_acc=0.9635 | token_delta=1.6086 | position_delta=0.3045 | unembedding_delta=1.0631
step= 17930 | train_acc=1.0000 | test_acc=0.9671 | token_delta=1.6074 | position_delta=0.3046 | unembedding_delta=1.0530
step= 17940 | train_acc=1.0000 | test_acc=0.9702 | token_delta=1.6064 | position_delta=0.3046 | unembedding_delta=1.0429
step= 17950 | train_acc=1.0000 | test_acc=0.9724 | token_delta=1.6056 | position_delta=0.3047 | unembedding_delta=1.0330
step= 17960 | train_acc=1.0000 | test_acc=0.9754 | token_delta=1.6049 | position_delta=0.3048 | unembedding_delta=1.0233
step= 17970 | train_acc=1.0000 | test_acc=0.9785 | token_delta=1.6045 | position_delta=0.3050 | unembedding_delta=1.0137
step= 17980 | train_acc=1.0000 | test_acc=0.9803 | token_delta=1.6041 | position_delta=0.3051 | unembedding_delta=1.0042
step= 17990 | train_acc=1.0000 | test_acc=0.9814 | token_delta=1.6040 | position_delta=0.3053 | unembedding_delta=0.9948
step= 18000 | train_acc=1.0000 | test_acc=0.9845 | token_delta=1.6040 | position_delta=0.3055 | unembedding_delta=0.9855

Saved branch metrics to: followup_studies/work/control_provenance/parity_runs/component/trajectory.csv
Saved branch checkpoints to: followup_studies/work/control_provenance/parity_runs/component/checkpoints
