{
  "source": "work/basis_study/seed3_first_event/features.npz",
  "elapsed_seconds": 3.6456938749179244,
  "backward_linear_heldout": {
    "frobenius_error": 57015.698270104076,
    "rmse": 53.302182758081784,
    "relative_error": 0.1474261543756471,
    "centered_relative_error": 0.4572971158013331,
    "error_over_centered_target_norm": 0.4573981785380231,
    "target_frobenius_norm": 386740.7280042457,
    "prediction_frobenius_norm": 384366.2894599498,
    "target_centered_frobenius_norm": 124652.21976253325,
    "training_mean_error_norm": 5.766018261667796,
    "frobenius_cosine": 0.9890845955661673,
    "centered_frobenius_cosine": 0.8893864367429493
  },
  "oracle_fullrank": {
    "relative_tolerance": 2.8352875602877248e-12,
    "rank_x": 128,
    "rank_y": 128,
    "rank_difference": 0,
    "angle_min_degrees": 1.9937287427389259,
    "angle_median_degrees": 27.616904734914236,
    "angle_max_degrees": 70.68025540613935,
    "angles_above_1_degree": 128,
    "angles_above_10_degrees": 123,
    "projector_frobenius_distance": 8.400697978517512,
    "y_outside_x_column_space_relative": 0.08762664555158947,
    "x_outside_y_column_space_relative": 0.14368210294556188
  }
}
