Device: cpu
Source checkpoint: followup_studies/work/control_provenance/parity_source.pt
Starting step: 16000
Branch mode: control
Update hidden Muon group: True
Update auxiliary AdamW group: True
Additional steps: 2000
Evaluation interval: 10
Output CSV: followup_studies/work/control_provenance/parity_runs/group_historical/trajectory.csv
step= 16000 | train_acc=1.0000 | test_acc=0.9999 | hidden_delta=0.0000 | aux_delta=0.0000
step= 16010 | train_acc=1.0000 | test_acc=0.9999 | hidden_delta=1.1306 | aux_delta=0.0045
step= 16020 | train_acc=1.0000 | test_acc=0.9999 | hidden_delta=2.2456 | aux_delta=0.0090
step= 16030 | train_acc=1.0000 | test_acc=0.9999 | hidden_delta=3.3540 | aux_delta=0.0135
step= 16040 | train_acc=1.0000 | test_acc=0.9999 | hidden_delta=4.4636 | aux_delta=0.0181
step= 16050 | train_acc=1.0000 | test_acc=0.9999 | hidden_delta=5.5822 | aux_delta=0.0227
step= 16060 | train_acc=1.0000 | test_acc=0.9999 | hidden_delta=6.7106 | aux_delta=0.0274
step= 16070 | train_acc=1.0000 | test_acc=0.9999 | hidden_delta=7.8458 | aux_delta=0.0321
step= 16080 | train_acc=1.0000 | test_acc=0.9999 | hidden_delta=8.9840 | aux_delta=0.0369
step= 16090 | train_acc=1.0000 | test_acc=0.9999 | hidden_delta=10.1249 | aux_delta=0.0418
step= 16100 | train_acc=1.0000 | test_acc=0.9999 | hidden_delta=11.2696 | aux_delta=0.0467
step= 16110 | train_acc=1.0000 | test_acc=0.9999 | hidden_delta=12.4177 | aux_delta=0.0518
step= 16120 | train_acc=1.0000 | test_acc=0.9999 | hidden_delta=13.5677 | aux_delta=0.0568
step= 16130 | train_acc=1.0000 | test_acc=0.9999 | hidden_delta=14.7179 | aux_delta=0.0620
step= 16140 | train_acc=1.0000 | test_acc=0.9999 | hidden_delta=15.8634 | aux_delta=0.0672
step= 16150 | train_acc=1.0000 | test_acc=0.9999 | hidden_delta=17.0010 | aux_delta=0.0724
step= 16160 | train_acc=1.0000 | test_acc=0.9999 | hidden_delta=18.1298 | aux_delta=0.0777
step= 16170 | train_acc=1.0000 | test_acc=0.9999 | hidden_delta=19.2542 | aux_delta=0.0830
step= 16180 | train_acc=1.0000 | test_acc=0.9998 | hidden_delta=20.3748 | aux_delta=0.0884
step= 16190 | train_acc=1.0000 | test_acc=0.9998 | hidden_delta=21.4918 | aux_delta=0.0939
step= 16200 | train_acc=1.0000 | test_acc=0.9998 | hidden_delta=22.6064 | aux_delta=0.0994
step= 16210 | train_acc=1.0000 | test_acc=0.9998 | hidden_delta=23.7179 | aux_delta=0.1049
step= 16220 | train_acc=1.0000 | test_acc=0.9998 | hidden_delta=24.8234 | aux_delta=0.1105
step= 16230 | train_acc=1.0000 | test_acc=0.9997 | hidden_delta=25.9245 | aux_delta=0.1161
step= 16240 | train_acc=1.0000 | test_acc=0.9997 | hidden_delta=27.0221 | aux_delta=0.1218
step= 16250 | train_acc=1.0000 | test_acc=0.9997 | hidden_delta=28.1173 | aux_delta=0.1276
step= 16260 | train_acc=1.0000 | test_acc=0.9997 | hidden_delta=29.2107 | aux_delta=0.1335
step= 16270 | train_acc=1.0000 | test_acc=0.9997 | hidden_delta=30.3054 | aux_delta=0.1394
step= 16280 | train_acc=1.0000 | test_acc=0.9997 | hidden_delta=31.4037 | aux_delta=0.1455
step= 16290 | train_acc=1.0000 | test_acc=0.9996 | hidden_delta=32.5034 | aux_delta=0.1518
step= 16300 | train_acc=1.0000 | test_acc=0.9996 | hidden_delta=33.5916 | aux_delta=0.1584
step= 16310 | train_acc=1.0000 | test_acc=0.9996 | hidden_delta=34.6534 | aux_delta=0.1653
step= 16320 | train_acc=1.0000 | test_acc=0.9996 | hidden_delta=35.6939 | aux_delta=0.1725
step= 16330 | train_acc=1.0000 | test_acc=0.9996 | hidden_delta=36.7398 | aux_delta=0.1800
step= 16340 | train_acc=1.0000 | test_acc=0.9996 | hidden_delta=37.8005 | aux_delta=0.1878
step= 16350 | train_acc=1.0000 | test_acc=0.9996 | hidden_delta=38.8768 | aux_delta=0.1959
step= 16360 | train_acc=1.0000 | test_acc=0.9996 | hidden_delta=39.9646 | aux_delta=0.2044
step= 16370 | train_acc=1.0000 | test_acc=0.9996 | hidden_delta=41.0575 | aux_delta=0.2133
step= 16380 | train_acc=1.0000 | test_acc=0.9996 | hidden_delta=42.1424 | aux_delta=0.2227
step= 16390 | train_acc=1.0000 | test_acc=0.9996 | hidden_delta=43.2076 | aux_delta=0.2327
step= 16400 | train_acc=1.0000 | test_acc=0.9996 | hidden_delta=44.2613 | aux_delta=0.2433
step= 16410 | train_acc=1.0000 | test_acc=0.9996 | hidden_delta=45.3045 | aux_delta=0.2543
step= 16420 | train_acc=1.0000 | test_acc=0.9996 | hidden_delta=46.3440 | aux_delta=0.2653
step= 16430 | train_acc=1.0000 | test_acc=0.9994 | hidden_delta=47.3806 | aux_delta=0.2766
step= 16440 | train_acc=1.0000 | test_acc=0.9994 | hidden_delta=48.4116 | aux_delta=0.2883
step= 16450 | train_acc=1.0000 | test_acc=0.9993 | hidden_delta=49.4343 | aux_delta=0.3006
step= 16460 | train_acc=1.0000 | test_acc=0.9992 | hidden_delta=50.4544 | aux_delta=0.3133
step= 16470 | train_acc=1.0000 | test_acc=0.9992 | hidden_delta=51.4761 | aux_delta=0.3262
step= 16480 | train_acc=1.0000 | test_acc=0.9992 | hidden_delta=52.4985 | aux_delta=0.3395
step= 16490 | train_acc=1.0000 | test_acc=0.9992 | hidden_delta=53.5189 | aux_delta=0.3533
step= 16500 | train_acc=1.0000 | test_acc=0.9992 | hidden_delta=54.5340 | aux_delta=0.3677
step= 16510 | train_acc=1.0000 | test_acc=0.9992 | hidden_delta=55.5356 | aux_delta=0.3829
step= 16520 | train_acc=1.0000 | test_acc=0.9991 | hidden_delta=56.5128 | aux_delta=0.3992
step= 16530 | train_acc=1.0000 | test_acc=0.9990 | hidden_delta=57.4437 | aux_delta=0.4172
step= 16540 | train_acc=1.0000 | test_acc=0.9989 | hidden_delta=58.3424 | aux_delta=0.4364
step= 16550 | train_acc=1.0000 | test_acc=0.9988 | hidden_delta=59.2115 | aux_delta=0.4564
step= 16560 | train_acc=1.0000 | test_acc=0.9987 | hidden_delta=60.0520 | aux_delta=0.4775
step= 16570 | train_acc=1.0000 | test_acc=0.9985 | hidden_delta=60.8828 | aux_delta=0.4993
step= 16580 | train_acc=1.0000 | test_acc=0.9982 | hidden_delta=61.7004 | aux_delta=0.5222
step= 16590 | train_acc=1.0000 | test_acc=0.9980 | hidden_delta=62.5051 | aux_delta=0.5459
step= 16600 | train_acc=1.0000 | test_acc=0.9978 | hidden_delta=63.3028 | aux_delta=0.5703
step= 16610 | train_acc=1.0000 | test_acc=0.9975 | hidden_delta=64.0880 | aux_delta=0.5956
step= 16620 | train_acc=1.0000 | test_acc=0.9972 | hidden_delta=64.8537 | aux_delta=0.6222
step= 16630 | train_acc=1.0000 | test_acc=0.9969 | hidden_delta=65.5971 | aux_delta=0.6501
step= 16640 | train_acc=1.0000 | test_acc=0.9965 | hidden_delta=66.3302 | aux_delta=0.6791
step= 16650 | train_acc=1.0000 | test_acc=0.9962 | hidden_delta=67.0628 | aux_delta=0.7088
step= 16660 | train_acc=1.0000 | test_acc=0.9957 | hidden_delta=67.7969 | aux_delta=0.7392
step= 16670 | train_acc=1.0000 | test_acc=0.9950 | hidden_delta=68.5333 | aux_delta=0.7707
step= 16680 | train_acc=1.0000 | test_acc=0.9942 | hidden_delta=69.2707 | aux_delta=0.8038
step= 16690 | train_acc=1.0000 | test_acc=0.9940 | hidden_delta=70.0091 | aux_delta=0.8386
step= 16700 | train_acc=1.0000 | test_acc=0.9931 | hidden_delta=70.7610 | aux_delta=0.8745
step= 16710 | train_acc=1.0000 | test_acc=0.9919 | hidden_delta=71.5357 | aux_delta=0.9109
step= 16720 | train_acc=1.0000 | test_acc=0.9914 | hidden_delta=72.3348 | aux_delta=0.9476
step= 16730 | train_acc=1.0000 | test_acc=0.9903 | hidden_delta=73.1531 | aux_delta=0.9854
step= 16740 | train_acc=1.0000 | test_acc=0.9896 | hidden_delta=73.9859 | aux_delta=1.0248
step= 16750 | train_acc=1.0000 | test_acc=0.9884 | hidden_delta=74.8306 | aux_delta=1.0666
step= 16760 | train_acc=1.0000 | test_acc=0.9874 | hidden_delta=75.6923 | aux_delta=1.1108
step= 16770 | train_acc=0.9768 | test_acc=0.7625 | hidden_delta=76.3335 | aux_delta=2.2426
step= 16780 | train_acc=0.9974 | test_acc=0.7483 | hidden_delta=77.3543 | aux_delta=4.1816
step= 16790 | train_acc=1.0000 | test_acc=0.7591 | hidden_delta=79.4754 | aux_delta=4.9133
step= 16800 | train_acc=1.0000 | test_acc=0.7547 | hidden_delta=82.6530 | aux_delta=5.1433
step= 16810 | train_acc=1.0000 | test_acc=0.7444 | hidden_delta=86.6663 | aux_delta=5.1831
step= 16820 | train_acc=1.0000 | test_acc=0.7304 | hidden_delta=91.2793 | aux_delta=5.1559
step= 16830 | train_acc=1.0000 | test_acc=0.7193 | hidden_delta=96.2935 | aux_delta=5.1065
step= 16840 | train_acc=1.0000 | test_acc=0.7126 | hidden_delta=101.5502 | aux_delta=5.0505
step= 16850 | train_acc=1.0000 | test_acc=0.7116 | hidden_delta=106.9420 | aux_delta=4.9933
step= 16860 | train_acc=1.0000 | test_acc=0.7120 | hidden_delta=112.3921 | aux_delta=4.9364
step= 16870 | train_acc=1.0000 | test_acc=0.7096 | hidden_delta=117.8622 | aux_delta=4.8803
step= 16880 | train_acc=1.0000 | test_acc=0.7136 | hidden_delta=123.3073 | aux_delta=4.8249
step= 16890 | train_acc=1.0000 | test_acc=0.7159 | hidden_delta=128.6840 | aux_delta=4.7703
step= 16900 | train_acc=1.0000 | test_acc=0.7185 | hidden_delta=133.9719 | aux_delta=4.7163
step= 16910 | train_acc=1.0000 | test_acc=0.7225 | hidden_delta=139.1577 | aux_delta=4.6631
step= 16920 | train_acc=1.0000 | test_acc=0.7231 | hidden_delta=144.2446 | aux_delta=4.6105
step= 16930 | train_acc=1.0000 | test_acc=0.7247 | hidden_delta=149.2207 | aux_delta=4.5586
step= 16940 | train_acc=1.0000 | test_acc=0.7275 | hidden_delta=154.0830 | aux_delta=4.5072
step= 16950 | train_acc=1.0000 | test_acc=0.7288 | hidden_delta=158.8317 | aux_delta=4.4566
step= 16960 | train_acc=1.0000 | test_acc=0.7327 | hidden_delta=163.4602 | aux_delta=4.4065
step= 16970 | train_acc=1.0000 | test_acc=0.7418 | hidden_delta=167.9641 | aux_delta=4.3571
step= 16980 | train_acc=1.0000 | test_acc=0.7513 | hidden_delta=172.3466 | aux_delta=4.3082
step= 16990 | train_acc=1.0000 | test_acc=0.7523 | hidden_delta=176.6028 | aux_delta=4.2600
step= 17000 | train_acc=1.0000 | test_acc=0.7568 | hidden_delta=180.7228 | aux_delta=4.2124
step= 17010 | train_acc=1.0000 | test_acc=0.7591 | hidden_delta=184.6927 | aux_delta=4.1654
step= 17020 | train_acc=1.0000 | test_acc=0.7606 | hidden_delta=188.4878 | aux_delta=4.1190
step= 17030 | train_acc=1.0000 | test_acc=0.7631 | hidden_delta=192.1019 | aux_delta=4.0732
step= 17040 | train_acc=1.0000 | test_acc=0.7597 | hidden_delta=195.4973 | aux_delta=4.0279
step= 17050 | train_acc=1.0000 | test_acc=0.7590 | hidden_delta=198.5996 | aux_delta=3.9833
step= 17060 | train_acc=1.0000 | test_acc=0.7600 | hidden_delta=201.3099 | aux_delta=3.9392
step= 17070 | train_acc=1.0000 | test_acc=0.7626 | hidden_delta=203.5527 | aux_delta=3.8957
step= 17080 | train_acc=1.0000 | test_acc=0.7736 | hidden_delta=205.1190 | aux_delta=3.8528
step= 17090 | train_acc=1.0000 | test_acc=0.7838 | hidden_delta=205.9497 | aux_delta=3.8104
step= 17100 | train_acc=1.0000 | test_acc=0.7885 | hidden_delta=206.1240 | aux_delta=3.7686
step= 17110 | train_acc=1.0000 | test_acc=0.7895 | hidden_delta=205.8717 | aux_delta=3.7274
step= 17120 | train_acc=1.0000 | test_acc=0.7949 | hidden_delta=205.3859 | aux_delta=3.6868
step= 17130 | train_acc=1.0000 | test_acc=0.7966 | hidden_delta=204.7935 | aux_delta=3.6466
step= 17140 | train_acc=1.0000 | test_acc=0.7993 | hidden_delta=204.1755 | aux_delta=3.6071
step= 17150 | train_acc=1.0000 | test_acc=0.7995 | hidden_delta=203.5812 | aux_delta=3.5681
step= 17160 | train_acc=1.0000 | test_acc=0.8017 | hidden_delta=203.0338 | aux_delta=3.5296
step= 17170 | train_acc=1.0000 | test_acc=0.8018 | hidden_delta=202.5416 | aux_delta=3.4916
step= 17180 | train_acc=1.0000 | test_acc=0.7992 | hidden_delta=202.1101 | aux_delta=3.4542
step= 17190 | train_acc=1.0000 | test_acc=0.7979 | hidden_delta=201.7414 | aux_delta=3.4174
step= 17200 | train_acc=1.0000 | test_acc=0.7958 | hidden_delta=201.4262 | aux_delta=3.3810
step= 17210 | train_acc=1.0000 | test_acc=0.7971 | hidden_delta=201.1648 | aux_delta=3.3452
step= 17220 | train_acc=1.0000 | test_acc=0.7955 | hidden_delta=200.9602 | aux_delta=3.3099
step= 17230 | train_acc=1.0000 | test_acc=0.7952 | hidden_delta=200.8109 | aux_delta=3.2752
step= 17240 | train_acc=1.0000 | test_acc=0.7951 | hidden_delta=200.7124 | aux_delta=3.2409
step= 17250 | train_acc=1.0000 | test_acc=0.7934 | hidden_delta=200.6637 | aux_delta=3.2072
step= 17260 | train_acc=1.0000 | test_acc=0.7923 | hidden_delta=200.6573 | aux_delta=3.1739
step= 17270 | train_acc=1.0000 | test_acc=0.7907 | hidden_delta=200.6909 | aux_delta=3.1412
step= 17280 | train_acc=1.0000 | test_acc=0.7890 | hidden_delta=200.7604 | aux_delta=3.1090
step= 17290 | train_acc=1.0000 | test_acc=0.7887 | hidden_delta=200.8611 | aux_delta=3.0773
step= 17300 | train_acc=1.0000 | test_acc=0.7881 | hidden_delta=200.9926 | aux_delta=3.0461
step= 17310 | train_acc=1.0000 | test_acc=0.7870 | hidden_delta=201.1510 | aux_delta=3.0153
step= 17320 | train_acc=1.0000 | test_acc=0.7869 | hidden_delta=201.3337 | aux_delta=2.9851
step= 17330 | train_acc=1.0000 | test_acc=0.7867 | hidden_delta=201.5401 | aux_delta=2.9554
step= 17340 | train_acc=1.0000 | test_acc=0.7866 | hidden_delta=201.7664 | aux_delta=2.9261
step= 17350 | train_acc=1.0000 | test_acc=0.7868 | hidden_delta=202.0088 | aux_delta=2.8973
step= 17360 | train_acc=1.0000 | test_acc=0.7862 | hidden_delta=202.2688 | aux_delta=2.8690
step= 17370 | train_acc=1.0000 | test_acc=0.7852 | hidden_delta=202.5423 | aux_delta=2.8412
step= 17380 | train_acc=1.0000 | test_acc=0.7850 | hidden_delta=202.8305 | aux_delta=2.8139
step= 17390 | train_acc=1.0000 | test_acc=0.7844 | hidden_delta=203.1309 | aux_delta=2.7870
step= 17400 | train_acc=1.0000 | test_acc=0.7827 | hidden_delta=203.4420 | aux_delta=2.7606
step= 17410 | train_acc=1.0000 | test_acc=0.7829 | hidden_delta=203.7644 | aux_delta=2.7347
step= 17420 | train_acc=1.0000 | test_acc=0.7827 | hidden_delta=204.0975 | aux_delta=2.7092
step= 17430 | train_acc=1.0000 | test_acc=0.7820 | hidden_delta=204.4397 | aux_delta=2.6842
step= 17440 | train_acc=1.0000 | test_acc=0.7827 | hidden_delta=204.7886 | aux_delta=2.6596
step= 17450 | train_acc=1.0000 | test_acc=0.7832 | hidden_delta=205.1426 | aux_delta=2.6355
step= 17460 | train_acc=1.0000 | test_acc=0.7847 | hidden_delta=205.4996 | aux_delta=2.6118
step= 17470 | train_acc=1.0000 | test_acc=0.7852 | hidden_delta=205.8618 | aux_delta=2.5886
step= 17480 | train_acc=1.0000 | test_acc=0.7857 | hidden_delta=206.2245 | aux_delta=2.5659
step= 17490 | train_acc=1.0000 | test_acc=0.7863 | hidden_delta=206.5888 | aux_delta=2.5435
step= 17500 | train_acc=1.0000 | test_acc=0.7874 | hidden_delta=206.9525 | aux_delta=2.5216
step= 17510 | train_acc=1.0000 | test_acc=0.7885 | hidden_delta=207.3174 | aux_delta=2.5002
step= 17520 | train_acc=1.0000 | test_acc=0.7901 | hidden_delta=207.6802 | aux_delta=2.4792
step= 17530 | train_acc=1.0000 | test_acc=0.7919 | hidden_delta=208.0390 | aux_delta=2.4586
step= 17540 | train_acc=1.0000 | test_acc=0.7942 | hidden_delta=208.3934 | aux_delta=2.4384
step= 17550 | train_acc=1.0000 | test_acc=0.7958 | hidden_delta=208.7441 | aux_delta=2.4187
step= 17560 | train_acc=1.0000 | test_acc=0.7968 | hidden_delta=209.0888 | aux_delta=2.3993
step= 17570 | train_acc=1.0000 | test_acc=0.7994 | hidden_delta=209.4247 | aux_delta=2.3804
step= 17580 | train_acc=1.0000 | test_acc=0.8017 | hidden_delta=209.7503 | aux_delta=2.3619
step= 17590 | train_acc=1.0000 | test_acc=0.8041 | hidden_delta=210.0627 | aux_delta=2.3439
step= 17600 | train_acc=1.0000 | test_acc=0.8065 | hidden_delta=210.3598 | aux_delta=2.3262
step= 17610 | train_acc=1.0000 | test_acc=0.8085 | hidden_delta=210.6456 | aux_delta=2.3089
step= 17620 | train_acc=1.0000 | test_acc=0.8111 | hidden_delta=210.9232 | aux_delta=2.2920
step= 17630 | train_acc=1.0000 | test_acc=0.8150 | hidden_delta=211.1919 | aux_delta=2.2755
step= 17640 | train_acc=1.0000 | test_acc=0.8177 | hidden_delta=211.4513 | aux_delta=2.2594
step= 17650 | train_acc=1.0000 | test_acc=0.8211 | hidden_delta=211.7040 | aux_delta=2.2437
step= 17660 | train_acc=1.0000 | test_acc=0.8250 | hidden_delta=211.9467 | aux_delta=2.2284
step= 17670 | train_acc=1.0000 | test_acc=0.8292 | hidden_delta=212.1778 | aux_delta=2.2135
step= 17680 | train_acc=1.0000 | test_acc=0.8350 | hidden_delta=212.4007 | aux_delta=2.1989
step= 17690 | train_acc=1.0000 | test_acc=0.8392 | hidden_delta=212.6167 | aux_delta=2.1847
step= 17700 | train_acc=1.0000 | test_acc=0.8452 | hidden_delta=212.8282 | aux_delta=2.1709
step= 17710 | train_acc=1.0000 | test_acc=0.8507 | hidden_delta=213.0353 | aux_delta=2.1575
step= 17720 | train_acc=1.0000 | test_acc=0.8565 | hidden_delta=213.2391 | aux_delta=2.1444
step= 17730 | train_acc=1.0000 | test_acc=0.8614 | hidden_delta=213.4397 | aux_delta=2.1317
step= 17740 | train_acc=1.0000 | test_acc=0.8662 | hidden_delta=213.6406 | aux_delta=2.1193
step= 17750 | train_acc=1.0000 | test_acc=0.8709 | hidden_delta=213.8416 | aux_delta=2.1072
step= 17760 | train_acc=1.0000 | test_acc=0.8755 | hidden_delta=214.0423 | aux_delta=2.0956
step= 17770 | train_acc=1.0000 | test_acc=0.8814 | hidden_delta=214.2449 | aux_delta=2.0842
step= 17780 | train_acc=1.0000 | test_acc=0.8866 | hidden_delta=214.4475 | aux_delta=2.0732
step= 17790 | train_acc=1.0000 | test_acc=0.8935 | hidden_delta=214.6462 | aux_delta=2.0625
step= 17800 | train_acc=1.0000 | test_acc=0.9004 | hidden_delta=214.8426 | aux_delta=2.0522
step= 17810 | train_acc=1.0000 | test_acc=0.9057 | hidden_delta=215.0362 | aux_delta=2.0422
step= 17820 | train_acc=1.0000 | test_acc=0.9126 | hidden_delta=215.2374 | aux_delta=2.0325
step= 17830 | train_acc=1.0000 | test_acc=0.9179 | hidden_delta=215.4574 | aux_delta=2.0231
step= 17840 | train_acc=1.0000 | test_acc=0.9246 | hidden_delta=215.6958 | aux_delta=2.0140
step= 17850 | train_acc=1.0000 | test_acc=0.9302 | hidden_delta=215.9424 | aux_delta=2.0052
step= 17860 | train_acc=1.0000 | test_acc=0.9355 | hidden_delta=216.1919 | aux_delta=1.9968
step= 17870 | train_acc=1.0000 | test_acc=0.9404 | hidden_delta=216.4566 | aux_delta=1.9886
step= 17880 | train_acc=1.0000 | test_acc=0.9450 | hidden_delta=216.7387 | aux_delta=1.9807
step= 17890 | train_acc=1.0000 | test_acc=0.9514 | hidden_delta=217.0216 | aux_delta=1.9731
step= 17900 | train_acc=1.0000 | test_acc=0.9560 | hidden_delta=217.2933 | aux_delta=1.9658
step= 17910 | train_acc=1.0000 | test_acc=0.9603 | hidden_delta=217.5627 | aux_delta=1.9588
step= 17920 | train_acc=1.0000 | test_acc=0.9635 | hidden_delta=217.8321 | aux_delta=1.9520
step= 17930 | train_acc=1.0000 | test_acc=0.9671 | hidden_delta=218.1020 | aux_delta=1.9455
step= 17940 | train_acc=1.0000 | test_acc=0.9702 | hidden_delta=218.3629 | aux_delta=1.9393
step= 17950 | train_acc=1.0000 | test_acc=0.9724 | hidden_delta=218.6176 | aux_delta=1.9334
step= 17960 | train_acc=1.0000 | test_acc=0.9754 | hidden_delta=218.8797 | aux_delta=1.9276
step= 17970 | train_acc=1.0000 | test_acc=0.9785 | hidden_delta=219.1558 | aux_delta=1.9222
step= 17980 | train_acc=1.0000 | test_acc=0.9803 | hidden_delta=219.4385 | aux_delta=1.9169
step= 17990 | train_acc=1.0000 | test_acc=0.9814 | hidden_delta=219.7239 | aux_delta=1.9120
step= 18000 | train_acc=1.0000 | test_acc=0.9845 | hidden_delta=220.0113 | aux_delta=1.9072

Saved branch metrics to: followup_studies/work/control_provenance/parity_runs/group_historical/trajectory.csv
Saved branch checkpoints to: followup_studies/work/control_provenance/parity_runs/group_historical/checkpoints
