{"step": 0, "objective": 4.931612968444824, "train_accuracy": 0.008877284595300261, "test_loss": 4.922565460205078, "test_accuracy": 0.008725808255957042, "grok_confirmed": false, "joint_failure": false, "elapsed_seconds": 0.2809588750824332}
{"step": 1000, "objective": 0.011395201086997986, "train_accuracy": 1.0, "test_loss": 5.4565558433532715, "test_accuracy": 0.034343886340754, "grok_confirmed": false, "joint_failure": false, "elapsed_seconds": 207.56506820814684}
{"step": 2000, "objective": 0.005232819356024265, "train_accuracy": 1.0, "test_loss": 5.579533100128174, "test_accuracy": 0.03803557444904352, "grok_confirmed": false, "joint_failure": false, "elapsed_seconds": 402.356082667131}
{"step": 3000, "objective": 0.0027688145637512207, "train_accuracy": 1.0, "test_loss": 5.658804416656494, "test_accuracy": 0.04709699071484506, "grok_confirmed": false, "joint_failure": false, "elapsed_seconds": 593.830087083159}
{"step": 4000, "objective": 0.00160474784206599, "train_accuracy": 1.0, "test_loss": 5.749815940856934, "test_accuracy": 0.05145989484282358, "grok_confirmed": false, "joint_failure": false, "elapsed_seconds": 799.5193537501618}
{"step": 5000, "objective": 0.0009664223180152476, "train_accuracy": 1.0, "test_loss": 5.805044651031494, "test_accuracy": 0.05627027631726144, "grok_confirmed": false, "joint_failure": false, "elapsed_seconds": 1026.370316500077}
{"step": 6000, "objective": 0.0006161673227325082, "train_accuracy": 1.0, "test_loss": 5.871245861053467, "test_accuracy": 0.06376552187045531, "grok_confirmed": false, "joint_failure": false, "elapsed_seconds": 1249.6464673751034}
{"step": 7000, "objective": 0.0003742454864550382, "train_accuracy": 1.0, "test_loss": 5.897633075714111, "test_accuracy": 0.06891151135473766, "grok_confirmed": false, "joint_failure": false, "elapsed_seconds": 1451.03491020808}
{"step": 8000, "objective": 0.00023585115559399128, "train_accuracy": 1.0, "test_loss": 5.962224006652832, "test_accuracy": 0.070701420740575, "grok_confirmed": false, "joint_failure": false, "elapsed_seconds": 1631.522084500175}
{"step": 9000, "objective": 0.0001515435433248058, "train_accuracy": 1.0, "test_loss": 5.966975212097168, "test_accuracy": 0.07786105828392438, "grok_confirmed": false, "joint_failure": false, "elapsed_seconds": 1798.0237164171413}
{"step": 10000, "objective": 9.908114589052275e-05, "train_accuracy": 1.0, "test_loss": 6.010013580322266, "test_accuracy": 0.08009844501622106, "grok_confirmed": false, "joint_failure": false, "elapsed_seconds": 1961.6459437501617}
{"step": 11000, "objective": 6.098875019233674e-05, "train_accuracy": 1.0, "test_loss": 6.066341400146484, "test_accuracy": 0.08479695715404408, "grok_confirmed": false, "joint_failure": false, "elapsed_seconds": 2135.3752663331106}
{"step": 12000, "objective": 4.084685133420862e-05, "train_accuracy": 1.0, "test_loss": 6.1645612716674805, "test_accuracy": 0.08502069582727374, "grok_confirmed": false, "joint_failure": false, "elapsed_seconds": 2308.601496624993}
{"step": 13000, "objective": 2.5788453058339655e-05, "train_accuracy": 1.0, "test_loss": 6.177845001220703, "test_accuracy": 0.09329902673677146, "grok_confirmed": false, "joint_failure": false, "elapsed_seconds": 2470.470326542156}
{"step": 14000, "objective": 0.010428446345031261, "train_accuracy": 1.0, "test_loss": 4.474623203277588, "test_accuracy": 0.21243987023156952, "grok_confirmed": false, "joint_failure": false, "elapsed_seconds": 2629.660357875051}
{"step": 15000, "objective": 0.00011535376688698307, "train_accuracy": 1.0, "test_loss": 0.8503376841545105, "test_accuracy": 0.8023268822015885, "grok_confirmed": false, "joint_failure": false, "elapsed_seconds": 2775.1495829580817}
{"step": 16000, "objective": 0.0004216038796585053, "train_accuracy": 1.0, "test_loss": 0.00048610824160277843, "test_accuracy": 1.0, "grok_confirmed": true, "joint_failure": false, "elapsed_seconds": 2917.77584320819}
{"step": 17000, "objective": 0.0003986739902757108, "train_accuracy": 1.0, "test_loss": 0.0004274663224350661, "test_accuracy": 1.0, "grok_confirmed": true, "joint_failure": false, "elapsed_seconds": 3062.3477644580416}
{"step": 18000, "objective": 0.0002411048044450581, "train_accuracy": 1.0, "test_loss": 0.000257451698416844, "test_accuracy": 1.0, "grok_confirmed": true, "joint_failure": false, "elapsed_seconds": 3218.971898708027}
EVENT {"step": 18515, "objective": 0.9511560201644897, "train_accuracy": 0.8765013054830287, "test_loss": 1.0345624685287476, "test_accuracy": 0.856583510459783, "grok_confirmed": true, "joint_failure": true, "elapsed_seconds": 3300.490616166964, "healthy_step": 18500, "grok_step": 15700}
{"step": 19000, "objective": 0.00020423036767169833, "train_accuracy": 1.0, "test_loss": 0.0003810207708738744, "test_accuracy": 1.0, "grok_confirmed": true, "joint_failure": false, "elapsed_seconds": 3373.745208958164}
{"step": 20000, "objective": 0.0012747166911140084, "train_accuracy": 1.0, "test_loss": 0.0013743003364652395, "test_accuracy": 1.0, "grok_confirmed": true, "joint_failure": false, "elapsed_seconds": 3509.175787167158}
{"step": 21000, "objective": 0.001056209090165794, "train_accuracy": 1.0, "test_loss": 0.0011104668956249952, "test_accuracy": 1.0, "grok_confirmed": true, "joint_failure": false, "elapsed_seconds": 3638.3741142919753}
{"step": 22000, "objective": 0.0006330670439638197, "train_accuracy": 1.0, "test_loss": 0.0006687649874947965, "test_accuracy": 1.0, "grok_confirmed": true, "joint_failure": false, "elapsed_seconds": 3765.3623105420265}
{"step": 23000, "objective": 0.00037174124736338854, "train_accuracy": 1.0, "test_loss": 0.0003943386545870453, "test_accuracy": 1.0, "grok_confirmed": true, "joint_failure": false, "elapsed_seconds": 3885.034804875031}
{"step": 24000, "objective": 0.00014318630564957857, "train_accuracy": 1.0, "test_loss": 0.00022295494272839278, "test_accuracy": 1.0, "grok_confirmed": true, "joint_failure": false, "elapsed_seconds": 3992.085143333068}
{"step": 25000, "objective": 0.000855583930388093, "train_accuracy": 1.0, "test_loss": 0.0008887055446393788, "test_accuracy": 1.0, "grok_confirmed": true, "joint_failure": false, "elapsed_seconds": 4098.241028417135}
{"step": 26000, "objective": 0.0006419104756787419, "train_accuracy": 1.0, "test_loss": 0.0006613935111090541, "test_accuracy": 1.0, "grok_confirmed": true, "joint_failure": false, "elapsed_seconds": 4204.720780333038}
{"step": 27000, "objective": 0.00037553723086602986, "train_accuracy": 1.0, "test_loss": 0.00038757716538384557, "test_accuracy": 1.0, "grok_confirmed": true, "joint_failure": false, "elapsed_seconds": 4308.940524625126}
{"step": 28000, "objective": 0.0002226655196864158, "train_accuracy": 1.0, "test_loss": 0.0002303381625097245, "test_accuracy": 1.0, "grok_confirmed": true, "joint_failure": false, "elapsed_seconds": 4415.330046292162}
{"step": 29000, "objective": 7.535448094131425e-05, "train_accuracy": 1.0, "test_loss": 0.00021640722115989774, "test_accuracy": 1.0, "grok_confirmed": true, "joint_failure": false, "elapsed_seconds": 4517.229138750117}
{"step": 30000, "objective": 0.0007891705026850104, "train_accuracy": 1.0, "test_loss": 0.0008284565410576761, "test_accuracy": 1.0, "grok_confirmed": true, "joint_failure": false, "elapsed_seconds": 4619.628815333126}
{"seed": 0, "operation": "addition", "normalization": "rms", "arithmetic": "stock", "steps": 30000, "grok_step": 15700, "event_step": 18515, "peak_step": 28540, "first_train_drop_step": 18515, "post_grok_train_min": 0.0060052219321148825, "post_grok_test_min": 0.004810381474437857, "post_grok_train_failure_states": 30, "post_grok_test_failure_evaluations": 30, "final_train_accuracy": 1.0, "final_test_accuracy": 1.0, "elapsed_seconds": 4619.635965750087}
