{"step": 0, "objective": 4.931612491607666, "train_accuracy": 0.008877284595300261, "test_loss": 4.922565460205078, "test_accuracy": 0.008725808255957042, "grok_confirmed": false, "joint_failure": false, "elapsed_seconds": 0.32705141603946686}
{"step": 1000, "objective": 0.011094571091234684, "train_accuracy": 1.0, "test_loss": 5.444676399230957, "test_accuracy": 0.03445575567736883, "grok_confirmed": false, "joint_failure": false, "elapsed_seconds": 210.519787624944}
{"step": 2000, "objective": 0.005030089523643255, "train_accuracy": 1.0, "test_loss": 5.5323166847229, "test_accuracy": 0.04105604653764403, "grok_confirmed": false, "joint_failure": false, "elapsed_seconds": 407.58529750001617}
{"step": 3000, "objective": 0.002816579071804881, "train_accuracy": 1.0, "test_loss": 5.630532264709473, "test_accuracy": 0.04664951336838573, "grok_confirmed": false, "joint_failure": false, "elapsed_seconds": 601.9169781249948}
{"step": 4000, "objective": 0.001578843453899026, "train_accuracy": 1.0, "test_loss": 5.696177959442139, "test_accuracy": 0.05090054815974941, "grok_confirmed": false, "joint_failure": false, "elapsed_seconds": 812.5698315000627}
{"step": 5000, "objective": 0.0009715512278489769, "train_accuracy": 1.0, "test_loss": 5.794833183288574, "test_accuracy": 0.05134802550620875, "grok_confirmed": false, "joint_failure": false, "elapsed_seconds": 1045.2125989999622}
{"step": 6000, "objective": 0.0006091783870942891, "train_accuracy": 1.0, "test_loss": 5.826035976409912, "test_accuracy": 0.06432486855352948, "grok_confirmed": false, "joint_failure": false, "elapsed_seconds": 1270.2144900001585}
{"step": 7000, "objective": 0.0003771493793465197, "train_accuracy": 1.0, "test_loss": 5.927305698394775, "test_accuracy": 0.06130439646492896, "grok_confirmed": false, "joint_failure": false, "elapsed_seconds": 1471.7504974161275}
{"step": 8000, "objective": 0.00023658537247683853, "train_accuracy": 1.0, "test_loss": 6.00431489944458, "test_accuracy": 0.06466047656337398, "grok_confirmed": false, "joint_failure": false, "elapsed_seconds": 1653.967490250012}
{"step": 9000, "objective": 0.0001512389280833304, "train_accuracy": 1.0, "test_loss": 6.017364978790283, "test_accuracy": 0.07517619420516837, "grok_confirmed": false, "joint_failure": false, "elapsed_seconds": 1823.4172603329644}
{"step": 10000, "objective": 9.896594565361738e-05, "train_accuracy": 1.0, "test_loss": 6.118934154510498, "test_accuracy": 0.07293880747287168, "grok_confirmed": false, "joint_failure": false, "elapsed_seconds": 1991.6011501660105}
{"step": 11000, "objective": 6.22930601821281e-05, "train_accuracy": 1.0, "test_loss": 6.154934883117676, "test_accuracy": 0.08233583174851773, "grok_confirmed": false, "joint_failure": false, "elapsed_seconds": 2166.07698304113}
{"step": 12000, "objective": 3.953565101255663e-05, "train_accuracy": 1.0, "test_loss": 6.218997955322266, "test_accuracy": 0.0822239624119029, "grok_confirmed": false, "joint_failure": false, "elapsed_seconds": 2341.131372499978}
{"step": 13000, "objective": 2.636337922012899e-05, "train_accuracy": 1.0, "test_loss": 6.319615364074707, "test_accuracy": 0.08412574113435507, "grok_confirmed": false, "joint_failure": false, "elapsed_seconds": 2503.181037750095}
{"step": 14000, "objective": 1.685477764112875e-05, "train_accuracy": 1.0, "test_loss": 6.3473076820373535, "test_accuracy": 0.09251594138046762, "grok_confirmed": false, "joint_failure": false, "elapsed_seconds": 2662.8692511250265}
{"step": 15000, "objective": 1.1074932444898877e-05, "train_accuracy": 1.0, "test_loss": 6.391213893890381, "test_accuracy": 0.0947533281127643, "grok_confirmed": false, "joint_failure": false, "elapsed_seconds": 2807.9966008751653}
{"step": 16000, "objective": 7.263437964866171e-06, "train_accuracy": 1.0, "test_loss": 6.4536051750183105, "test_accuracy": 0.09766193086474997, "grok_confirmed": false, "joint_failure": false, "elapsed_seconds": 2953.2045447910205}
{"step": 17000, "objective": 4.617644208337879e-06, "train_accuracy": 1.0, "test_loss": 6.469770908355713, "test_accuracy": 0.10448596039825483, "grok_confirmed": false, "joint_failure": false, "elapsed_seconds": 3099.9627668331377}
{"step": 18000, "objective": 3.2744790132710477e-06, "train_accuracy": 1.0, "test_loss": 6.600337505340576, "test_accuracy": 0.1026960510124175, "grok_confirmed": false, "joint_failure": false, "elapsed_seconds": 3259.3768471661024}
{"step": 19000, "objective": 1.1256276593485381e-05, "train_accuracy": 1.0, "test_loss": 1.9125884771347046, "test_accuracy": 0.5406645038594922, "grok_confirmed": false, "joint_failure": false, "elapsed_seconds": 3408.183185916161}
{"step": 20000, "objective": 2.37561635003658e-05, "train_accuracy": 1.0, "test_loss": 3.1538056646240875e-05, "test_accuracy": 1.0, "grok_confirmed": true, "joint_failure": false, "elapsed_seconds": 3547.7816255830694}
{"step": 21000, "objective": 0.000330981332808733, "train_accuracy": 1.0, "test_loss": 0.000355701835360378, "test_accuracy": 1.0, "grok_confirmed": true, "joint_failure": false, "elapsed_seconds": 3678.554705291055}
{"step": 22000, "objective": 0.0003561556222848594, "train_accuracy": 1.0, "test_loss": 0.00037559078191407025, "test_accuracy": 1.0, "grok_confirmed": true, "joint_failure": false, "elapsed_seconds": 3806.8878771660384}
{"step": 23000, "objective": 0.00019638793310150504, "train_accuracy": 1.0, "test_loss": 0.00020606641191989183, "test_accuracy": 1.0, "grok_confirmed": true, "joint_failure": false, "elapsed_seconds": 3917.58328170795}
{"step": 24000, "objective": 0.00011109543265774846, "train_accuracy": 1.0, "test_loss": 0.00011684173659887165, "test_accuracy": 1.0, "grok_confirmed": true, "joint_failure": false, "elapsed_seconds": 4021.7589469160885}
{"step": 25000, "objective": 6.68202483211644e-05, "train_accuracy": 1.0, "test_loss": 7.105404074536636e-05, "test_accuracy": 1.0, "grok_confirmed": true, "joint_failure": false, "elapsed_seconds": 4132.361674332991}
{"step": 26000, "objective": 4.1354665881954134e-05, "train_accuracy": 1.0, "test_loss": 4.397598604555242e-05, "test_accuracy": 1.0, "grok_confirmed": true, "joint_failure": false, "elapsed_seconds": 4240.995496208081}
{"step": 27000, "objective": 2.6370969862909988e-05, "train_accuracy": 1.0, "test_loss": 2.8183998438180424e-05, "test_accuracy": 1.0, "grok_confirmed": true, "joint_failure": false, "elapsed_seconds": 4351.3355762080755}
{"step": 28000, "objective": 1.6137999409693293e-05, "train_accuracy": 1.0, "test_loss": 1.7130640117102303e-05, "test_accuracy": 1.0, "grok_confirmed": true, "joint_failure": false, "elapsed_seconds": 4460.951160208089}
EVENT {"step": 28495, "objective": 6.8109917640686035, "train_accuracy": 0.01174934725848564, "test_loss": 6.861717224121094, "test_accuracy": 0.008837677592571876, "grok_confirmed": true, "joint_failure": true, "elapsed_seconds": 4514.769814915955, "healthy_step": 28400, "grok_step": 19900}
{"step": 29000, "objective": 6.318047235254198e-05, "train_accuracy": 1.0, "test_loss": 0.000563452485948801, "test_accuracy": 1.0, "grok_confirmed": true, "joint_failure": false, "elapsed_seconds": 4567.937825083034}
{"step": 30000, "objective": 0.0008121259161271155, "train_accuracy": 1.0, "test_loss": 0.000863003428094089, "test_accuracy": 1.0, "grok_confirmed": true, "joint_failure": false, "elapsed_seconds": 4675.30989270797}
{"seed": 0, "operation": "addition", "normalization": "rms", "arithmetic": "accurate", "steps": 30000, "grok_step": 19900, "event_step": 28495, "peak_step": 28503, "first_train_drop_step": 28495, "post_grok_train_min": 0.009921671018276762, "post_grok_test_min": 0.005257858820897192, "post_grok_train_failure_states": 25, "post_grok_test_failure_evaluations": 25, "final_train_accuracy": 1.0, "final_test_accuracy": 1.0, "elapsed_seconds": 4675.320318375016}
