{"step": 0, "objective": 5.164484977722168, "train_accuracy": 0.009399477806788513, "test_loss": 5.183222770690918, "test_accuracy": 0.00839020024611254, "grok_confirmed": false, "joint_failure": false, "elapsed_seconds": 0.058615999994799495}
{"step": 1000, "objective": 0.0004272469086572528, "train_accuracy": 1.0, "test_loss": 52.13496017456055, "test_accuracy": 0.0013424320393780065, "grok_confirmed": false, "joint_failure": false, "elapsed_seconds": 58.57220487506129}
{"step": 2000, "objective": 1.600751280784607, "train_accuracy": 0.8459530026109661, "test_loss": 46.641929626464844, "test_accuracy": 0.005593466830741693, "grok_confirmed": false, "joint_failure": false, "elapsed_seconds": 119.51514629204758}
{"step": 3000, "objective": 7.750159625175002e-09, "train_accuracy": 1.0, "test_loss": 30.889619827270508, "test_accuracy": 0.034232017004139165, "grok_confirmed": false, "joint_failure": false, "elapsed_seconds": 180.6673192079179}
{"step": 4000, "objective": 4.622082983019027e-08, "train_accuracy": 1.0, "test_loss": 12.178728103637695, "test_accuracy": 0.07830853563038372, "grok_confirmed": false, "joint_failure": false, "elapsed_seconds": 242.1023095829878}
{"step": 5000, "objective": 6.088709596951958e-06, "train_accuracy": 1.0, "test_loss": 6.253237247467041, "test_accuracy": 0.14487079091620986, "grok_confirmed": false, "joint_failure": false, "elapsed_seconds": 305.0738619999029}
{"step": 6000, "objective": 5.3163771553954575e-06, "train_accuracy": 1.0, "test_loss": 2.270587205886841, "test_accuracy": 0.4826043181563933, "grok_confirmed": false, "joint_failure": false, "elapsed_seconds": 380.55097170802765}
{"step": 7000, "objective": 4.205183358862996e-06, "train_accuracy": 1.0, "test_loss": 0.9533730149269104, "test_accuracy": 0.7334153708468509, "grok_confirmed": false, "joint_failure": false, "elapsed_seconds": 496.97194487485103}
{"step": 8000, "objective": 3.4566576232464286e-06, "train_accuracy": 1.0, "test_loss": 0.364508718252182, "test_accuracy": 0.8946190849088265, "grok_confirmed": false, "joint_failure": false, "elapsed_seconds": 667.1928650420159}
{"step": 9000, "objective": 2.770226728898706e-06, "train_accuracy": 1.0, "test_loss": 0.14707155525684357, "test_accuracy": 0.9600626468285043, "grok_confirmed": false, "joint_failure": false, "elapsed_seconds": 847.541484749876}
{"step": 10000, "objective": 2.2023807559889974e-06, "train_accuracy": 1.0, "test_loss": 0.06920835375785828, "test_accuracy": 0.9840026848640787, "grok_confirmed": true, "joint_failure": false, "elapsed_seconds": 1022.1806456670165}
{"step": 11000, "objective": 1.7963855043490184e-06, "train_accuracy": 1.0, "test_loss": 0.04921315982937813, "test_accuracy": 0.9909385837341984, "grok_confirmed": true, "joint_failure": false, "elapsed_seconds": 1198.4479510828387}
{"step": 12000, "objective": 1.2911630165035604e-06, "train_accuracy": 1.0, "test_loss": 0.03878867253661156, "test_accuracy": 0.9940709251594138, "grok_confirmed": true, "joint_failure": false, "elapsed_seconds": 1378.2127294170205}
{"step": 13000, "objective": 8.062340839387616e-07, "train_accuracy": 1.0, "test_loss": 0.0268976092338562, "test_accuracy": 0.995301487862177, "grok_confirmed": true, "joint_failure": false, "elapsed_seconds": 1556.603487999877}
{"step": 14000, "objective": 5.127866415932658e-07, "train_accuracy": 1.0, "test_loss": 0.018773214891552925, "test_accuracy": 0.9967557892381698, "grok_confirmed": true, "joint_failure": false, "elapsed_seconds": 1743.637449707836}
{"step": 15000, "objective": 4.0708567894398584e-07, "train_accuracy": 1.0, "test_loss": 0.011630360037088394, "test_accuracy": 0.9983219599507774, "grok_confirmed": true, "joint_failure": false, "elapsed_seconds": 1923.283945000032}
EVENT {"step": 15281, "objective": 4.389516353607178, "train_accuracy": 0.27023498694516973, "test_loss": 10.209015846252441, "test_accuracy": 0.058507663049558116, "grok_confirmed": true, "joint_failure": true, "elapsed_seconds": 1973.7797977079172, "healthy_step": 15200, "grok_step": 9300}
{"step": 16000, "objective": 1.1407363587068176e-07, "train_accuracy": 1.0, "test_loss": 1.00313138961792, "test_accuracy": 0.8615057612708357, "grok_confirmed": true, "joint_failure": false, "elapsed_seconds": 2082.27877191687}
{"step": 17000, "objective": 0.0005642122123390436, "train_accuracy": 1.0, "test_loss": 0.16411691904067993, "test_accuracy": 0.9675578923816982, "grok_confirmed": true, "joint_failure": false, "elapsed_seconds": 2227.5636923748534}
{"step": 18000, "objective": 0.00028174216276966035, "train_accuracy": 1.0, "test_loss": 0.06800587475299835, "test_accuracy": 0.9944065331692583, "grok_confirmed": true, "joint_failure": false, "elapsed_seconds": 2365.795921749901}
{"step": 19000, "objective": 0.00015921122394502163, "train_accuracy": 1.0, "test_loss": 0.06640297174453735, "test_accuracy": 0.9933997091397248, "grok_confirmed": true, "joint_failure": false, "elapsed_seconds": 2498.630135916872}
{"step": 20000, "objective": 9.074244735529646e-05, "train_accuracy": 1.0, "test_loss": 0.06700123846530914, "test_accuracy": 0.9920572771003467, "grok_confirmed": true, "joint_failure": false, "elapsed_seconds": 2632.844650416868}
{"step": 21000, "objective": 5.2829491323791444e-05, "train_accuracy": 1.0, "test_loss": 0.057238753885030746, "test_accuracy": 0.9933997091397248, "grok_confirmed": true, "joint_failure": false, "elapsed_seconds": 2774.1706510419026}
{"step": 22000, "objective": 3.1724241125630215e-05, "train_accuracy": 1.0, "test_loss": 0.046521760523319244, "test_accuracy": 0.9940709251594138, "grok_confirmed": true, "joint_failure": false, "elapsed_seconds": 2916.129848124925}
{"step": 23000, "objective": 1.94525346159935e-05, "train_accuracy": 1.0, "test_loss": 0.03487488999962807, "test_accuracy": 0.9963083118917104, "grok_confirmed": true, "joint_failure": false, "elapsed_seconds": 3048.8632776250597}
{"step": 24000, "objective": 1.2019708265142981e-05, "train_accuracy": 1.0, "test_loss": 0.02716347761452198, "test_accuracy": 0.9967557892381698, "grok_confirmed": true, "joint_failure": false, "elapsed_seconds": 3178.5772466249764}
{"step": 25000, "objective": 6.866732746857451e-06, "train_accuracy": 1.0, "test_loss": 0.01879037357866764, "test_accuracy": 0.9982100906141627, "grok_confirmed": true, "joint_failure": false, "elapsed_seconds": 3305.9692647499032}
{"step": 26000, "objective": 4.484558303374797e-06, "train_accuracy": 1.0, "test_loss": 0.01236314419656992, "test_accuracy": 0.9991050453070813, "grok_confirmed": true, "joint_failure": false, "elapsed_seconds": 3423.8427780000493}
{"step": 27000, "objective": 2.9208706564531894e-06, "train_accuracy": 1.0, "test_loss": 0.007140647154301405, "test_accuracy": 0.9996643919901554, "grok_confirmed": true, "joint_failure": false, "elapsed_seconds": 3540.304691332858}
{"step": 28000, "objective": 1.7214051695191301e-06, "train_accuracy": 1.0, "test_loss": 0.004335303325206041, "test_accuracy": 0.9997762613267703, "grok_confirmed": true, "joint_failure": false, "elapsed_seconds": 3657.4079201249406}
{"step": 29000, "objective": 9.97030952021305e-07, "train_accuracy": 1.0, "test_loss": 0.002115382580086589, "test_accuracy": 1.0, "grok_confirmed": true, "joint_failure": false, "elapsed_seconds": 3781.6260533330496}
{"step": 30000, "objective": 6.204484748195682e-07, "train_accuracy": 1.0, "test_loss": 0.0010409473907202482, "test_accuracy": 1.0, "grok_confirmed": true, "joint_failure": false, "elapsed_seconds": 3909.4593280418776}
{"seed": 0, "operation": "subtraction", "normalization": "none", "arithmetic": "stock", "steps": 30000, "grok_step": 9300, "event_step": 15281, "peak_step": 15281, "first_train_drop_step": 15281, "post_grok_train_min": 0.27023498694516973, "post_grok_test_min": 0.058507663049558116, "post_grok_train_failure_states": 12, "post_grok_test_failure_evaluations": 21, "final_train_accuracy": 1.0, "final_test_accuracy": 1.0, "elapsed_seconds": 3909.4751388749573}
