{
  "metadata": {
    "healthy_checkpoint": "work/experiments/seed4_dense_capture/pre_event_train_healthy.pt",
    "collapsed_checkpoint": "work/experiments/seed4_dense_capture/collapse.pt",
    "healthy_step": 16050,
    "collapsed_step": 16056,
    "seed": 4,
    "config": {
      "modulus": 113,
      "sequence_length": 3,
      "d_model": 128,
      "num_heads": 4,
      "d_mlp": 512,
      "num_layers": 1
    },
    "torch_version": "2.13.0",
    "numpy_version": "2.5.2",
    "native_healthy": {
      "train": {
        "loss": 2.1155756257940084e-07,
        "loss64": 2.399834865324994e-07,
        "accuracy": 1.0,
        "max_abs_logit": 472.6280517578125
      },
      "heldout": {
        "loss": 0.00037769455229863524,
        "loss64": 0.00037773875854199156,
        "accuracy": 1.0,
        "max_abs_logit": 483.9960021972656
      }
    },
    "native_collapsed": {
      "train": {
        "loss": 11.152029991149902,
        "loss64": 11.152028644952463,
        "accuracy": 0.7007832898172324,
        "max_abs_logit": 532.9871215820312
      },
      "heldout": {
        "loss": 11.9931640625,
        "loss64": 11.993163407272103,
        "accuracy": 0.66327329678935,
        "max_abs_logit": 539.8294677734375
      }
    },
    "dataset_sha256": "f8000d33411c55fc7a98ad0dab39bbd98581be752a2609c2c66aa8f6683279e1",
    "protocol": "Raw final residuals. Original training examples only for fits and regularization validation. All test rows remain held out. No Fourier filtering."
  },
  "heldout": {
    "healthy_original": {
      "n": 8939,
      "accuracy": 1.0,
      "correct_count": 8939,
      "cross_entropy": 0.0003777293375630777,
      "margin_mean": 13.464626222957534,
      "margin_median": 13.534966144977545,
      "margin_min": 1.655899795024368,
      "margin_p05": 8.251206779146184,
      "margin_p95": 17.626297611983297,
      "positive_margin_fraction": 1.0
    },
    "collapsed_original": {
      "n": 8939,
      "accuracy": 0.66327329678935,
      "correct_count": 5929,
      "cross_entropy": 11.993163303100516,
      "margin_mean": -5.166966694894218,
      "margin_median": 5.992968467745698,
      "margin_min": -103.56003006702389,
      "margin_p05": -84.48401800755873,
      "margin_p95": 17.395115971580857,
      "positive_margin_fraction": 0.66327329678935
    },
    "healthy_readout_on_collapsed": {
      "n": 8939,
      "accuracy": 0.9980982212775478,
      "correct_count": 8922,
      "cross_entropy": 0.006609752198580114,
      "margin_mean": 11.61747112737514,
      "margin_median": 11.840015029614051,
      "margin_min": -4.156609407680378,
      "margin_p05": 5.517439920692079,
      "margin_p95": 17.18666508174858,
      "positive_margin_fraction": 0.9980982212775478
    },
    "collapsed_readout_on_healthy": {
      "n": 8939,
      "accuracy": 0.6825148226871015,
      "correct_count": 6101,
      "cross_entropy": 11.55265454415639,
      "margin_mean": -3.927670020505748,
      "margin_median": 7.194982762336508,
      "margin_min": -100.28054269680183,
      "margin_p05": -82.12115623548677,
      "margin_p95": 18.408948804930013,
      "positive_margin_fraction": 0.6825148226871015
    },
    "orthogonal_transport": {
      "n": 8939,
      "accuracy": 0.9998881306633851,
      "correct_count": 8938,
      "cross_entropy": 0.0023005465870649007,
      "margin_mean": 12.085589305002104,
      "margin_median": 12.348673884662446,
      "margin_min": -0.10727446078198,
      "margin_p05": 6.2801834611192024,
      "margin_p95": 17.115450403975963,
      "positive_margin_fraction": 0.9998881306633851
    },
    "linear_transport": {
      "n": 8939,
      "accuracy": 0.9998881306633851,
      "correct_count": 8938,
      "cross_entropy": 0.002379954577575786,
      "margin_mean": 11.606939691876839,
      "margin_median": 11.862843497219728,
      "margin_min": -1.1101604920546606,
      "margin_p05": 6.246886067287818,
      "margin_p95": 16.14547229443091,
      "positive_margin_fraction": 0.9998881306633851
    },
    "inverse_forward_transport": {
      "n": 8939,
      "accuracy": 0.9998881306633851,
      "correct_count": 8938,
      "cross_entropy": 0.0014528738851005973,
      "margin_mean": 12.701582003657192,
      "margin_median": 13.01653646219836,
      "margin_min": -1.6247008919484074,
      "margin_p05": 6.945620077957739,
      "margin_p95": 17.600015295906406,
      "positive_margin_fraction": 0.9998881306633851
    }
  }
}
